ASxxxx Linker V03.00 + NoICE + sdld,  page 1.
Hexadecimal  [32-Bits]

Area                       Addr        Size        Decimal Bytes (Attributes)
--------------------       ----        ----        ------- ----- ------------
.  .ABS.               00000000    00000000 =           0. bytes (ABS,CON)

        Value  Global            Value  Global            Value  Global    
        -----  ------            -----  ------            -----  ------    
     00000000  .__.ABS.  |    00000000  ___bank_b |    00000000  ___bank_l
     00000000  ___bank_l |    00000000  l__BASE   |    00000000  l__BSEG  
     00000000  l__BSS    |    00000000  l__CABS   |    00000000  l__CODE_0
     00000000  l__DABS   |    00000000  l__HEADER |    00000000  l__HEAP  
     00000000  l__HEAP_E |    00000000  l__LIT    |    00000000  s__CABS  
     00000000  s__DABS   |    00000000  s__HEADER |    00000000  s__HEADER
     00000000  s__HEADER |    00000000  s__HEADER |    00000000  s__HEADER
     00000000  s__HEADER |    00000000  s__HEADER |    00000000  s__HEADER
     00000001  l__GSFINA |    00000001  l__HEADER |    00000002  l__DATA  
     00000003  l__HEADER |    00000003  l__HEADER |    00000006  l__HEADER
     0000000C  l__GSINIT |    0000000E  l__HEADER |    0000000E  l__HEADER
     00000010  ___size_b |    0000001F  l__INITIA |    0000001F  l__INITIA
     00000054  ___size_l |    0000006C  l__HEADER |    00000100  s__CODE  
     00000320  ___size_l |    000003E0  l__CODE   |    000004E0  s__HOME  
     000005BD  l__HOME   |    00000A9D  s__BASE   |    00000A9D  s__CODE_0
     00000A9D  s__INITIA |    00000A9D  s__LIT    |    00000ABC  s__GSINIT
     00000AC8  s__GSFINA |    0000C000  _shadow_O |    0000C0C0  s__DATA  
     0000C0C2  s__INITIA |    0000C0E1  s__BSEG   |    0000C0E1  s__BSS   
     0000C0E1  s__HEAP   |    0000C0E1  s__HEAP_E |    0000DFF0  .STACK   
ASxxxx Linker V03.00 + NoICE + sdld,  page 2.
Hexadecimal  [32-Bits]

Area                       Addr        Size        Decimal Bytes (Attributes)
--------------------       ----        ----        ------- ----- ------------
_CODE                  00000100    000003E0 =         992. bytes (REL,CON)

        Value  Global            Value  Global            Value  Global    
        -----  ------            -----  ------            -----  ------    
     00000100  ___func_l |    00000100  _logo_til |    00000420  ___func_l
     00000420  _logo_map |    00000474  ___func_b |    00000474  _blank_ti
     00000484  _init_gfx |    000004D8  _main    
ASxxxx Linker V03.00 + NoICE + sdld,  page 3.
Hexadecimal  [32-Bits]

Area                       Addr        Size        Decimal Bytes (Attributes)
--------------------       ----        ----        ------- ----- ------------
_HEADER0               00000000    00000006 =           6. bytes (ABS,CON)

        Value  Global            Value  Global            Value  Global    
        -----  ------            -----  ------            -----  ------    
ASxxxx Linker V03.00 + NoICE + sdld,  page 4.
Hexadecimal  [32-Bits]

Area                       Addr        Size        Decimal Bytes (Attributes)
--------------------       ----        ----        ------- ----- ------------
_HEADER1               00000000    0000000E =          14. bytes (ABS,CON)

        Value  Global            Value  Global            Value  Global    
        -----  ------            -----  ------            -----  ------    
     00000010  _WRITE_VD
ASxxxx Linker V03.00 + NoICE + sdld,  page 5.
Hexadecimal  [32-Bits]

Area                       Addr        Size        Decimal Bytes (Attributes)
--------------------       ----        ----        ------- ----- ------------
_HEADER2               00000000    0000000E =          14. bytes (ABS,CON)

        Value  Global            Value  Global            Value  Global    
        -----  ------            -----  ------            -----  ------    
     00000020  _WRITE_VD
ASxxxx Linker V03.00 + NoICE + sdld,  page 6.
Hexadecimal  [32-Bits]

Area                       Addr        Size        Decimal Bytes (Attributes)
--------------------       ----        ----        ------- ----- ------------
_HEADER3               00000000    00000001 =           1. bytes (ABS,CON)

        Value  Global            Value  Global            Value  Global    
        -----  ------            -----  ------            -----  ------    
     00000030  .call_hl 
ASxxxx Linker V03.00 + NoICE + sdld,  page 7.
Hexadecimal  [32-Bits]

Area                       Addr        Size        Decimal Bytes (Attributes)
--------------------       ----        ----        ------- ----- ------------
_HEADER4               00000000    00000003 =           3. bytes (ABS,CON)

        Value  Global            Value  Global            Value  Global    
        -----  ------            -----  ------            -----  ------    
ASxxxx Linker V03.00 + NoICE + sdld,  page 8.
Hexadecimal  [32-Bits]

Area                       Addr        Size        Decimal Bytes (Attributes)
--------------------       ----        ----        ------- ----- ------------
_HEADER5               00000000    00000003 =           3. bytes (ABS,CON)

        Value  Global            Value  Global            Value  Global    
        -----  ------            -----  ------            -----  ------    
ASxxxx Linker V03.00 + NoICE + sdld,  page 9.
Hexadecimal  [32-Bits]

Area                       Addr        Size        Decimal Bytes (Attributes)
--------------------       ----        ----        ------- ----- ------------
_HEADER6               00000000    0000006C =         108. bytes (ABS,CON)

        Value  Global            Value  Global            Value  Global    
        -----  ------            -----  ------            -----  ------    
     00000080  .init    
ASxxxx Linker V03.00 + NoICE + sdld,  page 10.
Hexadecimal  [32-Bits]

Area                       Addr        Size        Decimal Bytes (Attributes)
--------------------       ----        ----        ------- ----- ------------
_HOME                  000004E0    000005BD =        1469. bytes (REL,CON)

        Value  Global            Value  Global            Value  Global    
        -----  ------            -----  ------            -----  ------    
     000004F7  .memset_s |    00000500  .memcpy_s |    00000506  .wait_vbl
     00000506  _wait_vbl |    00000518  _set_tile |    000005C1  _NMI_ISR 
     000005C3  _INT_ISR  |    00000636  .remove_L |    00000636  _remove_L
     00000639  .add_LCD  |    00000639  _add_LCD  |    0000063D  _add_VBL 
     0000063F  .add_VBL  |    00000642  .add_int  |    0000064E  _remove_V
     00000650  .remove_V |    00000653  .remove_i |    0000066F  _add_JOY 
     0000066F  _add_SIO  |    0000066F  _add_TIM  |    0000066F  _remove_J
     0000066F  _remove_S |    0000066F  _remove_T |    00000670  .OUTI128 
     000006F0  .OUTI64   |    00000730  .OUTI32   |    00000770  .OUTI_END
     00000771  _fill_rec |    000007CF  _set_tile |    0000082D  _set_defa
     00000844  .fill_rec |    00000848  .fill_rec |    000008E0  .set_tile
     000008E4  .set_tile |    00000981  _set_pale |    000009AB  _set_pale
     000009E5  .CRT_DEFA |    00000A05  .set_tile |    00000A09  .set_tile
ASxxxx Linker V03.00 + NoICE + sdld,  page 11.
Hexadecimal  [32-Bits]

Area                       Addr        Size        Decimal Bytes (Attributes)
--------------------       ----        ----        ------- ----- ------------
_INITIALIZER           00000A9D    0000001F =          31. bytes (REL,CON)

        Value  Global            Value  Global            Value  Global    
        -----  ------            -----  ------            -----  ------    
ASxxxx Linker V03.00 + NoICE + sdld,  page 12.
Hexadecimal  [32-Bits]

Area                       Addr        Size        Decimal Bytes (Attributes)
--------------------       ----        ----        ------- ----- ------------
_GSINIT                00000ABC    0000000C =          12. bytes (REL,CON)

        Value  Global            Value  Global            Value  Global    
        -----  ------            -----  ------            -----  ------    
     00000ABC  .gsinit  
ASxxxx Linker V03.00 + NoICE + sdld,  page 13.
Hexadecimal  [32-Bits]

Area                       Addr        Size        Decimal Bytes (Attributes)
--------------------       ----        ----        ------- ----- ------------
_GSFINAL               00000AC8    00000001 =           1. bytes (REL,CON)

        Value  Global            Value  Global            Value  Global    
        -----  ------            -----  ------            -----  ------    
ASxxxx Linker V03.00 + NoICE + sdld,  page 14.
Hexadecimal  [32-Bits]

Area                       Addr        Size        Decimal Bytes (Attributes)
--------------------       ----        ----        ------- ----- ------------
_DATA                  0000C0C0    00000002 =           2. bytes (REL,CON)

        Value  Global            Value  Global            Value  Global    
        -----  ------            -----  ------            -----  ------    
     0000C0C0  __BIOS    |    0000C0C1  __SYSTEM 
ASxxxx Linker V03.00 + NoICE + sdld,  page 15.
Hexadecimal  [32-Bits]

Area                       Addr        Size        Decimal Bytes (Attributes)
--------------------       ----        ----        ------- ----- ------------
_INITIALIZED           0000C0C2    0000001F =          31. bytes (REL,CON)

        Value  Global            Value  Global            Value  Global    
        -----  ------            -----  ------            -----  ------    
     0000C0C2  _shadow_V |    0000C0C3  _shadow_V |    0000C0C4  _shadow_V
     0000C0C5  _shadow_V |    0000C0C6  _shadow_V |    0000C0C7  _shadow_V
     0000C0C8  _shadow_V |    0000C0C9  _shadow_V |    0000C0C9  _shadow_V
     0000C0CA  _shadow_V |    0000C0CA  _shadow_V |    0000C0CB  _shadow_V
     0000C0CB  _shadow_V |    0000C0CC  _shadow_V |    0000C0CD  .shadow_V
     0000C0CD  .sys_time |    0000C0CD  _sys_time |    0000C0CF  .vbl_done
     0000C0D0  .vdp_shif |    0000C0D0  _VDP_ATTR |    0000C0D1  __shadow_
     0000C0D2  __shadow_ |    0000C0D3  .mode     |    0000C0D4  __current
     0000C0E0  __map_til
ASxxxx Linker V03.00 + NoICE + sdld,  page 16.

Files Linked                              [ module(s) ]

../../../lib/gg/crt0.o                    [ Runtime ]
obj/gg/main.rel                           [ main ]


Libraries Linked                          [ object file ]

../../../lib/gg/gg.lib                    [ sms_set_2bpp_data.o ]
../../../lib/gg/gg.lib                    [ nmi.o ]
../../../lib/gg/gg.lib                    [ sms_int.o ]
../../../lib/gg/gg.lib                    [ outi.o ]
../../../lib/gg/gg.lib                    [ sms_fill_rect_compat.o ]
../../../lib/gg/gg.lib                    [ set_tile_map_compat.o ]
../../../lib/gg/gg.lib                    [ set_palette.o ]
../../../lib/gg/gg.lib                    [ sms_fill_rect_xy_compat.o ]
../../../lib/gg/gg.lib                    [ set_tile_map_xy_compat.o ]
../../../lib/gg/gg.lib                    [ palette.o ]
../../../lib/gg/gg.lib                    [ set_tile_map_xy.o ]

ASxxxx Linker V03.00 + NoICE + sdld,  page 17.

User Base Address Definitions

_DATA=0xC0C0
_CODE=0x0100
ASxxxx Linker V03.00 + NoICE + sdld,  page 18.

User Global Definitions

_shadow_OAM=0xC000
.STACK=0xDFF0

