ASxxxx Linker V03.00 + NoICE + sdld,  page 1.
Hexadecimal  [32-Bits]

Area                       Addr        Size        Decimal Bytes (Attributes)
--------------------       ----        ----        ------- ----- ------------
.  .ABS.               00000000    00000000 =           0. bytes (ABS,CON)

        Value  Global            Value  Global            Value  Global    
        -----  ------            -----  ------            -----  ------    
     00000000  .__.ABS.  |    00000000  _rRAMG    |    00000000  l__BASE  
     00000000  l__BSS    |    00000000  l__CABS   |    00000000  l__CODE_0
     00000000  l__DABS   |    00000000  l__HEADER |    00000000  l__HEAP  
     00000000  l__HEAP_E |    00000000  l__HRAM   |    00000000  l__LIT   
     00000000  s__CABS   |    00000000  s__DABS   |    00000000  s__HEADER
     00000000  s__HEADER |    00000000  s__HEADER |    00000000  s__HEADER
     00000000  s__HEADER |    00000000  s__HEADER |    00000000  s__HEADER
     00000000  s__HEADER |    00000000  s__HEADER |    00000000  s__HEADER
     00000000  s__HEADER |    00000000  s__HEADER |    00000000  s__HEADER
     00000000  s__HEADER |    00000000  s__HEADER |    00000000  s__HEADER
     00000000  s__HEADER |    00000000  s__HEADER |    00000000  s__HEADER
     00000000  s__HRAM   |    00000000  s__HRAM12 |    00000001  l__GSFINA
     00000001  l__HEADER |    00000001  l__HEADER |    00000001  l__HEADER
     00000001  l__HEADER |    00000001  l__HEADER |    00000001  l__HEADER
     00000001  l__HEADER |    00000002  l__HEADER |    00000002  l__HEADER
     00000002  l__HEADER |    00000003  l__HEADER |    00000003  l__HRAM12
     00000005  l__HEADER |    00000006  l__HEADER |    00000007  l__HEADER
     00000008  l__HEADER |    0000000C  l__GSINIT |    0000000D  l__INITIA
     0000000D  l__INITIA |    00000012  l__DATA   |    00000030  l__HEADER
     0000004C  l__HEADER |    00000084  l__HEADER |    000001A9  l__HOME  
     00000200  s__CODE   |    000014E6  l__CODE   |    000016E6  s__HOME  
     0000188F  s__BASE   |    0000188F  s__CODE_0 |    0000188F  s__INITIA
     0000188F  s__LIT    |    0000189C  s__GSINIT |    000018A8  s__GSFINA
     00002000  _rROMB0   |    00003000  _rROMB1   |    00004000  _rRAMB   
     00008000  __VRAM    |    00008000  __VRAM800 |    00008800  __VRAM880
     00009000  __VRAM900 |    00009800  __SCRN0   |    00009C00  __SCRN1  
     0000A000  __SRAM    |    0000C000  __RAM     |    0000C000  _shadow_O
     0000C0A0  s__DATA   |    0000C0B2  s__BSS    |    0000C0B2  s__INITIA
     0000C0BF  s__HEAP   |    0000C0BF  s__HEAP_E |    0000D000  __RAMBANK
     0000E000  .STACK    |    0000FE00  __OAMRAM  |    0000FF00  _P1_REG  
     0000FF00  __IO      |    0000FF01  _SB_REG   |    0000FF02  _SC_REG  
     0000FF04  _DIV_REG  |    0000FF05  _TIMA_REG |    0000FF06  _TMA_REG 
     0000FF07  _TAC_REG  |    0000FF0F  _IF_REG   |    0000FF10  _NR10_REG
     0000FF11  _NR11_REG |    0000FF12  _NR12_REG |    0000FF13  _NR13_REG
     0000FF14  _NR14_REG |    0000FF16  _NR21_REG |    0000FF17  _NR22_REG
     0000FF18  _NR23_REG |    0000FF19  _NR24_REG |    0000FF1A  _NR30_REG
     0000FF1B  _NR31_REG |    0000FF1C  _NR32_REG |    0000FF1D  _NR33_REG
     0000FF1E  _NR34_REG |    0000FF20  _NR41_REG |    0000FF21  _NR42_REG
     0000FF22  _NR43_REG |    0000FF23  _NR44_REG |    0000FF24  _NR50_REG
     0000FF25  _NR51_REG |    0000FF26  _NR52_REG |    0000FF30  _AUD3WAVE
     0000FF30  _PCM_SAMP |    0000FF30  __AUD3WAV |    0000FF40  _LCDC_REG
     0000FF41  _STAT_REG |    0000FF42  _SCY_REG  |    0000FF43  _SCX_REG 
     0000FF44  _LY_REG   |    0000FF45  _LYC_REG  |    0000FF46  _DMA_REG 
     0000FF47  _BGP_REG  |    0000FF48  _OBP0_REG |    0000FF49  _OBP1_REG
     0000FF4A  _WY_REG   |    0000FF4B  _WX_REG   |    0000FF4D  _KEY1_REG
     0000FF4F  _VBK_REG  |    0000FF51  _HDMA1_RE |    0000FF52  _HDMA2_RE
     0000FF53  _HDMA3_RE |    0000FF54  _HDMA4_RE |    0000FF55  _HDMA5_RE
     0000FF56  _RP_REG   |    0000FF68  _BCPS_REG |    0000FF69  _BCPD_REG
     0000FF6A  _OCPS_REG |    0000FF6B  _OCPD_REG |    0000FF70  _SVBK_REG
     0000FF76  _PCM12_RE |    0000FF77  _PCM34_RE |    0000FF80  .refresh_
ASxxxx Linker V03.00 + NoICE + sdld,  page 2.
Hexadecimal  [32-Bits]

Area                       Addr        Size        Decimal Bytes (Attributes)
--------------------       ----        ----        ------- ----- ------------
.  .ABS.               00000000    00000000 =           0. bytes (ABS,CON)

        Value  Global            Value  Global            Value  Global    
        -----  ------            -----  ------            -----  ------    
     0000FF80  __HRAM    |    0000FFFF  _IE_REG  
ASxxxx Linker V03.00 + NoICE + sdld,  page 3.
Hexadecimal  [32-Bits]

Area                       Addr        Size        Decimal Bytes (Attributes)
--------------------       ----        ----        ------- ----- ------------
_CODE                  00000200    000014E6 =        5350. bytes (REL,CON)

        Value  Global            Value  Global            Value  Global    
        -----  ------            -----  ------            -----  ------    
     00000859  A$lcc6459 |    00000859  C$main.c$ |    00000859  C$main.c$
     00000859  G$main$0$ |    00000859  _main     |    0000085C  A$lcc6459
     0000085D  A$lcc6459 |    00000860  A$lcc6459 |    00000861  A$lcc6459
     00000864  A$lcc6459 |    00000866  A$lcc6459 |    00000866  C$main.c$
     00000869  A$lcc6459 |    0000086A  A$lcc6459 |    0000086D  A$lcc6459
     0000086E  A$lcc6459 |    0000086F  A$lcc6459 |    00000870  A$lcc6459
     00000871  A$lcc6459 |    00000874  A$lcc6459 |    00000876  A$lcc6459
     00000876  C$main.c$ |    00000879  A$lcc6459 |    0000087A  A$lcc6459
     0000087D  A$lcc6459 |    0000087E  A$lcc6459 |    00000881  A$lcc6459
     00000883  A$lcc6459 |    00000886  A$lcc6459 |    00000888  A$lcc6459
     0000088B  A$lcc6459 |    0000088C  A$lcc6459 |    0000088F  A$lcc6459
     00000890  A$lcc6459 |    00000893  A$lcc6459 |    00000894  A$lcc6459
     00000895  A$lcc6459 |    00000896  A$lcc6459 |    00000899  A$lcc6459
     0000089B  A$lcc6459 |    0000089E  A$lcc6459 |    0000089F  A$lcc6459
     000008A2  A$lcc6459 |    000008A5  A$lcc6459 |    000008A6  A$lcc6459
     000008A7  A$lcc6459 |    000008AA  A$lcc6459 |    000008AB  A$lcc6459
     000008AC  A$lcc6459 |    000008AD  A$lcc6459 |    000008AD  C$main.c$
     000008AF  A$lcc6459 |    000008B1  A$lcc6459 |    000008B3  A$lcc6459
     000008B3  C$main.c$ |    000008B5  A$lcc6459 |    000008B7  A$lcc6459
     000008B9  A$lcc6459 |    000008B9  C$main.c$ |    000008BB  A$lcc6459
     000008BD  A$lcc6459 |    000008BF  A$lcc6459 |    000008BF  C$main.c$
     000008C1  A$lcc6459 |    000008C3  A$lcc6459 |    000008C5  A$lcc6459
     000008C5  C$main.c$ |    000008C5  C$main.c$ |    000008C8  A$lcc6459
     000008CB  A$lcc6459 |    000008CC  A$lcc6459 |    000008CE  A$lcc6459
     000008D1  A$lcc6459 |    000008D2  A$lcc6459 |    000008D4  A$lcc6459
     000008D7  A$lcc6459 |    000008D9  A$lcc6459 |    000008D9  C$main.c$
     000008DC  A$lcc6459 |    000008DD  A$lcc6459 |    000008DF  A$lcc6459
     000008E2  A$lcc6459 |    000008E3  A$lcc6459 |    000008E6  A$lcc6459
     000008E9  A$lcc6459 |    000008EB  A$lcc6459 |    000008EE  A$lcc6459
     000008F1  A$lcc6459 |    000008F3  A$lcc6459 |    000008F6  A$lcc6459
     000008F9  A$lcc6459 |    000008F9  C$main.c$ |    000008FC  A$lcc6459
     000008FE  A$lcc6459 |    00000901  A$lcc6459 |    00000903  A$lcc6459
     00000903  C$main.c$ |    00000906  A$lcc6459 |    00000907  A$lcc6459
     00000909  A$lcc6459 |    0000090A  A$lcc6459 |    0000090B  A$lcc6459
     0000090D  A$lcc6459 |    0000090F  A$lcc6459 |    00000910  A$lcc6459
     00000911  A$lcc6459 |    00000912  A$lcc6459 |    00000914  A$lcc6459
     00000916  A$lcc6459 |    00000919  A$lcc6459 |    0000091A  A$lcc6459
     0000091C  A$lcc6459 |    0000091D  A$lcc6459 |    0000091E  A$lcc6459
     0000091F  A$lcc6459 |    00000920  A$lcc6459 |    00000921  A$lcc6459
     00000922  A$lcc6459 |    00000924  A$lcc6459 |    00000926  A$lcc6459
     00000928  A$lcc6459 |    0000092A  A$lcc6459 |    0000092B  A$lcc6459
     0000092D  A$lcc6459 |    0000092F  A$lcc6459 |    00000931  A$lcc6459
     00000932  A$lcc6459 |    00000934  A$lcc6459 |    00000937  A$lcc6459
     00000939  A$lcc6459 |    0000093C  A$lcc6459 |    0000093E  A$lcc6459
     0000093E  C$main.c$ |    0000093E  C$main.c$ |    00000941  A$lcc6459
     00000942  A$lcc6459 |    00000945  A$lcc6459 |    00000948  A$lcc6459
     00000949  A$lcc6459 |    0000094B  A$lcc6459 |    0000094C  A$lcc6459
     0000094D  A$lcc6459 |    0000094F  A$lcc6459 |    00000951  A$lcc6459
     00000952  A$lcc6459 |    00000953  A$lcc6459 |    00000954  A$lcc6459
     00000956  A$lcc6459 |    00000958  A$lcc6459 |    0000095B  A$lcc6459
ASxxxx Linker V03.00 + NoICE + sdld,  page 4.
Hexadecimal  [32-Bits]

Area                       Addr        Size        Decimal Bytes (Attributes)
--------------------       ----        ----        ------- ----- ------------
_CODE                  00000200    000014E6 =        5350. bytes (REL,CON)

        Value  Global            Value  Global            Value  Global    
        -----  ------            -----  ------            -----  ------    
     0000095C  A$lcc6459 |    0000095E  A$lcc6459 |    0000095F  A$lcc6459
     00000960  A$lcc6459 |    00000961  A$lcc6459 |    00000962  A$lcc6459
     00000963  A$lcc6459 |    00000964  A$lcc6459 |    00000966  A$lcc6459
     00000968  A$lcc6459 |    0000096A  A$lcc6459 |    0000096C  A$lcc6459
     0000096D  A$lcc6459 |    0000096F  A$lcc6459 |    00000971  A$lcc6459
     00000973  A$lcc6459 |    00000974  A$lcc6459 |    00000977  A$lcc6459
     0000097A  A$lcc6459 |    0000097C  A$lcc6459 |    0000097F  A$lcc6459
     00000981  A$lcc6459 |    00000981  C$main.c$ |    00000984  A$lcc6459
     00000984  C$main.c$ |    00000987  A$lcc6459 |    00000989  A$lcc6459
     0000098C  A$lcc6459 |    0000098E  A$lcc6459 |    0000098E  C$main.c$
     00000991  A$lcc6459 |    00000992  A$lcc6459 |    00000994  A$lcc6459
     00000995  A$lcc6459 |    00000996  A$lcc6459 |    00000998  A$lcc6459
     0000099A  A$lcc6459 |    0000099B  A$lcc6459 |    0000099C  A$lcc6459
     0000099D  A$lcc6459 |    0000099F  A$lcc6459 |    000009A1  A$lcc6459
     000009A4  A$lcc6459 |    000009A5  A$lcc6459 |    000009A7  A$lcc6459
     000009A8  A$lcc6459 |    000009A9  A$lcc6459 |    000009AA  A$lcc6459
     000009AB  A$lcc6459 |    000009AC  A$lcc6459 |    000009AD  A$lcc6459
     000009AF  A$lcc6459 |    000009B1  A$lcc6459 |    000009B3  A$lcc6459
     000009B5  A$lcc6459 |    000009B6  A$lcc6459 |    000009B8  A$lcc6459
     000009BA  A$lcc6459 |    000009BC  A$lcc6459 |    000009BD  A$lcc6459
     000009BF  A$lcc6459 |    000009C2  A$lcc6459 |    000009C4  A$lcc6459
     000009C7  A$lcc6459 |    000009C9  A$lcc6459 |    000009C9  C$main.c$
     000009C9  C$main.c$ |    000009CC  A$lcc6459 |    000009CD  A$lcc6459
     000009D0  A$lcc6459 |    000009D3  A$lcc6459 |    000009D4  A$lcc6459
     000009D6  A$lcc6459 |    000009D7  A$lcc6459 |    000009D8  A$lcc6459
     000009DA  A$lcc6459 |    000009DC  A$lcc6459 |    000009DD  A$lcc6459
     000009DE  A$lcc6459 |    000009DF  A$lcc6459 |    000009E1  A$lcc6459
     000009E3  A$lcc6459 |    000009E6  A$lcc6459 |    000009E7  A$lcc6459
     000009E9  A$lcc6459 |    000009EA  A$lcc6459 |    000009EB  A$lcc6459
     000009EC  A$lcc6459 |    000009ED  A$lcc6459 |    000009EE  A$lcc6459
     000009EF  A$lcc6459 |    000009F1  A$lcc6459 |    000009F3  A$lcc6459
     000009F5  A$lcc6459 |    000009F7  A$lcc6459 |    000009F8  A$lcc6459
     000009FA  A$lcc6459 |    000009FC  A$lcc6459 |    000009FE  A$lcc6459
     000009FF  A$lcc6459 |    00000A02  A$lcc6459 |    00000A05  A$lcc6459
     00000A07  A$lcc6459 |    00000A0A  A$lcc6459 |    00000A0C  A$lcc6459
     00000A0C  C$main.c$ |    00000A0F  A$lcc6459 |    00000A0F  C$main.c$
     00000A12  A$lcc6459 |    00000A14  A$lcc6459 |    00000A17  A$lcc6459
     00000A19  A$lcc6459 |    00000A19  C$main.c$ |    00000A1C  A$lcc6459
     00000A1D  A$lcc6459 |    00000A1F  A$lcc6459 |    00000A20  A$lcc6459
     00000A21  A$lcc6459 |    00000A23  A$lcc6459 |    00000A25  A$lcc6459
     00000A26  A$lcc6459 |    00000A27  A$lcc6459 |    00000A28  A$lcc6459
     00000A2A  A$lcc6459 |    00000A2C  A$lcc6459 |    00000A2F  A$lcc6459
     00000A30  A$lcc6459 |    00000A32  A$lcc6459 |    00000A33  A$lcc6459
     00000A34  A$lcc6459 |    00000A35  A$lcc6459 |    00000A36  A$lcc6459
     00000A37  A$lcc6459 |    00000A38  A$lcc6459 |    00000A3A  A$lcc6459
     00000A3C  A$lcc6459 |    00000A3E  A$lcc6459 |    00000A40  A$lcc6459
     00000A41  A$lcc6459 |    00000A43  A$lcc6459 |    00000A45  A$lcc6459
     00000A47  A$lcc6459 |    00000A48  A$lcc6459 |    00000A4A  A$lcc6459
     00000A4D  A$lcc6459 |    00000A4F  A$lcc6459 |    00000A52  A$lcc6459
     00000A54  A$lcc6459 |    00000A54  C$main.c$ |    00000A54  C$main.c$
     00000A57  A$lcc6459 |    00000A58  A$lcc6459 |    00000A5B  A$lcc6459
ASxxxx Linker V03.00 + NoICE + sdld,  page 5.
Hexadecimal  [32-Bits]

Area                       Addr        Size        Decimal Bytes (Attributes)
--------------------       ----        ----        ------- ----- ------------
_CODE                  00000200    000014E6 =        5350. bytes (REL,CON)

        Value  Global            Value  Global            Value  Global    
        -----  ------            -----  ------            -----  ------    
     00000A5E  A$lcc6459 |    00000A5F  A$lcc6459 |    00000A61  A$lcc6459
     00000A62  A$lcc6459 |    00000A63  A$lcc6459 |    00000A65  A$lcc6459
     00000A67  A$lcc6459 |    00000A68  A$lcc6459 |    00000A69  A$lcc6459
     00000A6A  A$lcc6459 |    00000A6C  A$lcc6459 |    00000A6E  A$lcc6459
     00000A71  A$lcc6459 |    00000A72  A$lcc6459 |    00000A74  A$lcc6459
     00000A75  A$lcc6459 |    00000A76  A$lcc6459 |    00000A77  A$lcc6459
     00000A78  A$lcc6459 |    00000A79  A$lcc6459 |    00000A7A  A$lcc6459
     00000A7C  A$lcc6459 |    00000A7E  A$lcc6459 |    00000A80  A$lcc6459
     00000A82  A$lcc6459 |    00000A83  A$lcc6459 |    00000A85  A$lcc6459
     00000A87  A$lcc6459 |    00000A89  A$lcc6459 |    00000A8A  A$lcc6459
     00000A8D  A$lcc6459 |    00000A90  A$lcc6459 |    00000A92  A$lcc6459
     00000A95  A$lcc6459 |    00000A97  A$lcc6459 |    00000A97  C$main.c$
     00000A9A  A$lcc6459 |    00000A9A  C$main.c$ |    00000A9D  A$lcc6459
     00000A9F  A$lcc6459 |    00000AA2  A$lcc6459 |    00000AA4  A$lcc6459
     00000AA4  C$main.c$ |    00000AA7  A$lcc6459 |    00000AA8  A$lcc6459
     00000AAA  A$lcc6459 |    00000AAB  A$lcc6459 |    00000AAC  A$lcc6459
     00000AAE  A$lcc6459 |    00000AB0  A$lcc6459 |    00000AB1  A$lcc6459
     00000AB2  A$lcc6459 |    00000AB3  A$lcc6459 |    00000AB5  A$lcc6459
     00000AB7  A$lcc6459 |    00000ABA  A$lcc6459 |    00000ABB  A$lcc6459
     00000ABD  A$lcc6459 |    00000ABE  A$lcc6459 |    00000ABF  A$lcc6459
     00000AC0  A$lcc6459 |    00000AC1  A$lcc6459 |    00000AC2  A$lcc6459
     00000AC3  A$lcc6459 |    00000AC5  A$lcc6459 |    00000AC7  A$lcc6459
     00000AC9  A$lcc6459 |    00000ACB  A$lcc6459 |    00000ACC  A$lcc6459
     00000ACE  A$lcc6459 |    00000AD0  A$lcc6459 |    00000AD2  A$lcc6459
     00000AD3  A$lcc6459 |    00000AD5  A$lcc6459 |    00000AD8  A$lcc6459
     00000ADA  A$lcc6459 |    00000ADD  A$lcc6459 |    00000ADF  A$lcc6459
     00000ADF  C$main.c$ |    00000ADF  C$main.c$ |    00000AE2  A$lcc6459
     00000AE3  A$lcc6459 |    00000AE5  A$lcc6459 |    00000AE8  A$lcc6459
     00000AE9  A$lcc6459 |    00000AEB  A$lcc6459 |    00000AEC  A$lcc6459
     00000AED  A$lcc6459 |    00000AEF  A$lcc6459 |    00000AF1  A$lcc6459
     00000AF2  A$lcc6459 |    00000AF3  A$lcc6459 |    00000AF4  A$lcc6459
     00000AF6  A$lcc6459 |    00000AF8  A$lcc6459 |    00000AFB  A$lcc6459
     00000AFC  A$lcc6459 |    00000AFE  A$lcc6459 |    00000AFF  A$lcc6459
     00000B00  A$lcc6459 |    00000B01  A$lcc6459 |    00000B02  A$lcc6459
     00000B03  A$lcc6459 |    00000B04  A$lcc6459 |    00000B06  A$lcc6459
     00000B08  A$lcc6459 |    00000B0A  A$lcc6459 |    00000B0C  A$lcc6459
     00000B0D  A$lcc6459 |    00000B0F  A$lcc6459 |    00000B11  A$lcc6459
     00000B13  A$lcc6459 |    00000B14  A$lcc6459 |    00000B16  A$lcc6459
     00000B19  A$lcc6459 |    00000B1B  A$lcc6459 |    00000B1E  A$lcc6459
     00000B20  A$lcc6459 |    00000B20  C$main.c$ |    00000B20  C$main.c$
     00000B23  A$lcc6459 |    00000B26  A$lcc6459 |    00000B26  C$main.c$
     00000B29  A$lcc6459 |    00000B2A  A$lcc6459 |    00000B2C  A$lcc6459
     00000B2C  C$main.c$ |    00000B2F  A$lcc6459 |    00000B31  A$lcc6459
     00000B33  A$lcc6459 |    00000B33  C$main.c$ |    00000B36  A$lcc6459
     00000B38  A$lcc6459 |    00000B38  C$main.c$ |    00000B3B  A$lcc6459
     00000B3D  A$lcc6459 |    00000B3F  A$lcc6459 |    00000B3F  C$main.c$
     00000B42  A$lcc6459 |    00000B43  A$lcc6459 |    00000B45  A$lcc6459
     00000B45  C$main.c$ |    00000B48  A$lcc6459 |    00000B4A  A$lcc6459
     00000B4A  C$main.c$ |    00000B4D  A$lcc6459 |    00000B4F  A$lcc6459
     00000B51  A$lcc6459 |    00000B51  C$main.c$ |    00000B54  A$lcc6459
     00000B56  A$lcc6459 |    00000B58  A$lcc6459 |    00000B58  C$main.c$
ASxxxx Linker V03.00 + NoICE + sdld,  page 6.
Hexadecimal  [32-Bits]

Area                       Addr        Size        Decimal Bytes (Attributes)
--------------------       ----        ----        ------- ----- ------------
_CODE                  00000200    000014E6 =        5350. bytes (REL,CON)

        Value  Global            Value  Global            Value  Global    
        -----  ------            -----  ------            -----  ------    
     00000B5B  A$lcc6459 |    00000B5D  A$lcc6459 |    00000B5D  C$main.c$
     00000B60  A$lcc6459 |    00000B62  A$lcc6459 |    00000B64  A$lcc6459
     00000B64  C$main.c$ |    00000B67  A$lcc6459 |    00000B69  A$lcc6459
     00000B6B  A$lcc6459 |    00000B6B  C$main.c$ |    00000B6E  A$lcc6459
     00000B70  A$lcc6459 |    00000B70  C$main.c$ |    00000B73  A$lcc6459
     00000B75  A$lcc6459 |    00000B75  C$main.c$ |    00000B78  A$lcc6459
     00000B79  A$lcc6459 |    00000B7B  A$lcc6459 |    00000B7B  C$main.c$
     00000B7E  A$lcc6459 |    00000B7F  A$lcc6459 |    00000B81  A$lcc6459
     00000B83  A$lcc6459 |    00000B84  A$lcc6459 |    00000B86  A$lcc6459
     00000B86  C$main.c$ |    00000B86  C$main.c$ |    00000B89  A$lcc6459
     00000B8A  A$lcc6459 |    00000B8C  A$lcc6459 |    00000B8E  A$lcc6459
     00000B8F  A$lcc6459 |    00000B91  A$lcc6459 |    00000B91  C$main.c$
     00000B91  C$main.c$ |    00000B94  A$lcc6459 |    00000B96  A$lcc6459
     00000B98  A$lcc6459 |    00000B9A  A$lcc6459 |    00000B9B  A$lcc6459
     00000B9D  A$lcc6459 |    00000B9D  C$main.c$ |    00000B9D  C$main.c$
     00000BA0  A$lcc6459 |    00000BA2  A$lcc6459 |    00000BA4  A$lcc6459
     00000BA6  A$lcc6459 |    00000BA7  A$lcc6459 |    00000BA9  A$lcc6459
     00000BA9  C$main.c$ |    00000BA9  C$main.c$ |    00000BAC  A$lcc6459
     00000BAD  A$lcc6459 |    00000BAF  A$lcc6459 |    00000BB1  A$lcc6459
     00000BB1  C$main.c$ |    00000BB2  A$lcc6459 |    00000BB4  A$lcc6459
     00000BB4  C$main.c$ |    00000BB7  A$lcc6459 |    00000BB9  A$lcc6459
     00000BB9  C$main.c$ |    00000BBC  A$lcc6459 |    00000BBE  A$lcc6459
     00000BBE  C$main.c$ |    00000BC1  A$lcc6459 |    00000BC2  A$lcc6459
     00000BC4  A$lcc6459 |    00000BC7  A$lcc6459 |    00000BC7  C$main.c$
     00000BCA  A$lcc6459 |    00000BCA  C$main.c$ |    00000BCA  XG$main$0
     00000BCD  G$playerS |    00000BCD  _playerSp |    00000BE6  G$playerS
     00000BE6  _playerSp |    00001226  G$homeTow |    00001226  _homeTown
     000012E6  G$homeTow |    000012E6  _homeTown
ASxxxx Linker V03.00 + NoICE + sdld,  page 7.
Hexadecimal  [32-Bits]

Area                       Addr        Size        Decimal Bytes (Attributes)
--------------------       ----        ----        ------- ----- ------------
_HEADER0               00000000    00000001 =           1. bytes (ABS,CON)

        Value  Global            Value  Global            Value  Global    
        -----  ------            -----  ------            -----  ------    
     00000020  .call_hl 
ASxxxx Linker V03.00 + NoICE + sdld,  page 8.
Hexadecimal  [32-Bits]

Area                       Addr        Size        Decimal Bytes (Attributes)
--------------------       ----        ----        ------- ----- ------------
_HEADER1               00000000    00000005 =           5. bytes (ABS,CON)

        Value  Global            Value  Global            Value  Global    
        -----  ------            -----  ------            -----  ------    
     00000028  .MemsetSm
ASxxxx Linker V03.00 + NoICE + sdld,  page 9.
Hexadecimal  [32-Bits]

Area                       Addr        Size        Decimal Bytes (Attributes)
--------------------       ----        ----        ------- ----- ------------
_HEADER2               00000000    00000007 =           7. bytes (ABS,CON)

        Value  Global            Value  Global            Value  Global    
        -----  ------            -----  ------            -----  ------    
     00000030  .MemcpySm
ASxxxx Linker V03.00 + NoICE + sdld,  page 10.
Hexadecimal  [32-Bits]

Area                       Addr        Size        Decimal Bytes (Attributes)
--------------------       ----        ----        ------- ----- ------------
_HEADER3               00000000    00000008 =           8. bytes (ABS,CON)

        Value  Global            Value  Global            Value  Global    
        -----  ------            -----  ------            -----  ------    
ASxxxx Linker V03.00 + NoICE + sdld,  page 11.
Hexadecimal  [32-Bits]

Area                       Addr        Size        Decimal Bytes (Attributes)
--------------------       ----        ----        ------- ----- ------------
_HEADER4               00000000    0000004C =          76. bytes (ABS,CON)

        Value  Global            Value  Global            Value  Global    
        -----  ------            -----  ------            -----  ------    
     00000080  .int      |    0000008F  _wait_int |    0000009C  __standar
     000000AC  _refresh_
ASxxxx Linker V03.00 + NoICE + sdld,  page 12.
Hexadecimal  [32-Bits]

Area                       Addr        Size        Decimal Bytes (Attributes)
--------------------       ----        ----        ------- ----- ------------
_HEADER5               00000000    00000002 =           2. bytes (ABS,CON)

        Value  Global            Value  Global            Value  Global    
        -----  ------            -----  ------            -----  ------    
ASxxxx Linker V03.00 + NoICE + sdld,  page 13.
Hexadecimal  [32-Bits]

Area                       Addr        Size        Decimal Bytes (Attributes)
--------------------       ----        ----        ------- ----- ------------
_HEADER6               00000000    00000030 =          48. bytes (ABS,CON)

        Value  Global            Value  Global            Value  Global    
        -----  ------            -----  ------            -----  ------    
ASxxxx Linker V03.00 + NoICE + sdld,  page 14.
Hexadecimal  [32-Bits]

Area                       Addr        Size        Decimal Bytes (Attributes)
--------------------       ----        ----        ------- ----- ------------
_HEADER7               00000000    00000006 =           6. bytes (ABS,CON)

        Value  Global            Value  Global            Value  Global    
        -----  ------            -----  ------            -----  ------    
ASxxxx Linker V03.00 + NoICE + sdld,  page 15.
Hexadecimal  [32-Bits]

Area                       Addr        Size        Decimal Bytes (Attributes)
--------------------       ----        ----        ------- ----- ------------
_HEADER8               00000000    00000003 =           3. bytes (ABS,CON)

        Value  Global            Value  Global            Value  Global    
        -----  ------            -----  ------            -----  ------    
ASxxxx Linker V03.00 + NoICE + sdld,  page 16.
Hexadecimal  [32-Bits]

Area                       Addr        Size        Decimal Bytes (Attributes)
--------------------       ----        ----        ------- ----- ------------
_HEADER9               00000000    00000001 =           1. bytes (ABS,CON)

        Value  Global            Value  Global            Value  Global    
        -----  ------            -----  ------            -----  ------    
ASxxxx Linker V03.00 + NoICE + sdld,  page 17.
Hexadecimal  [32-Bits]

Area                       Addr        Size        Decimal Bytes (Attributes)
--------------------       ----        ----        ------- ----- ------------
_HEADERa               00000000    00000001 =           1. bytes (ABS,CON)

        Value  Global            Value  Global            Value  Global    
        -----  ------            -----  ------            -----  ------    
ASxxxx Linker V03.00 + NoICE + sdld,  page 18.
Hexadecimal  [32-Bits]

Area                       Addr        Size        Decimal Bytes (Attributes)
--------------------       ----        ----        ------- ----- ------------
_HEADERb               00000000    00000001 =           1. bytes (ABS,CON)

        Value  Global            Value  Global            Value  Global    
        -----  ------            -----  ------            -----  ------    
ASxxxx Linker V03.00 + NoICE + sdld,  page 19.
Hexadecimal  [32-Bits]

Area                       Addr        Size        Decimal Bytes (Attributes)
--------------------       ----        ----        ------- ----- ------------
_HEADERc               00000000    00000002 =           2. bytes (ABS,CON)

        Value  Global            Value  Global            Value  Global    
        -----  ------            -----  ------            -----  ------    
ASxxxx Linker V03.00 + NoICE + sdld,  page 20.
Hexadecimal  [32-Bits]

Area                       Addr        Size        Decimal Bytes (Attributes)
--------------------       ----        ----        ------- ----- ------------
_HEADERd               00000000    00000001 =           1. bytes (ABS,CON)

        Value  Global            Value  Global            Value  Global    
        -----  ------            -----  ------            -----  ------    
ASxxxx Linker V03.00 + NoICE + sdld,  page 21.
Hexadecimal  [32-Bits]

Area                       Addr        Size        Decimal Bytes (Attributes)
--------------------       ----        ----        ------- ----- ------------
_HEADERe               00000000    00000001 =           1. bytes (ABS,CON)

        Value  Global            Value  Global            Value  Global    
        -----  ------            -----  ------            -----  ------    
ASxxxx Linker V03.00 + NoICE + sdld,  page 22.
Hexadecimal  [32-Bits]

Area                       Addr        Size        Decimal Bytes (Attributes)
--------------------       ----        ----        ------- ----- ------------
_HEADERf               00000000    00000002 =           2. bytes (ABS,CON)

        Value  Global            Value  Global            Value  Global    
        -----  ------            -----  ------            -----  ------    
ASxxxx Linker V03.00 + NoICE + sdld,  page 23.
Hexadecimal  [32-Bits]

Area                       Addr        Size        Decimal Bytes (Attributes)
--------------------       ----        ----        ------- ----- ------------
_HEADER10              00000000    00000084 =         132. bytes (ABS,CON)

        Value  Global            Value  Global            Value  Global    
        -----  ------            -----  ------            -----  ------    
     00000150  .reset    |    00000150  _reset    |    00000157  .code_sta
     000001B9  _exit     |    000001BD  _set_inte
ASxxxx Linker V03.00 + NoICE + sdld,  page 24.
Hexadecimal  [32-Bits]

Area                       Addr        Size        Decimal Bytes (Attributes)
--------------------       ----        ----        ------- ----- ------------
_HEADER11              00000000    00000001 =           1. bytes (ABS,CON)

        Value  Global            Value  Global            Value  Global    
        -----  ------            -----  ------            -----  ------    
ASxxxx Linker V03.00 + NoICE + sdld,  page 25.
Hexadecimal  [32-Bits]

Area                       Addr        Size        Decimal Bytes (Attributes)
--------------------       ----        ----        ------- ----- ------------
_HOME                  000016E6    000001A9 =         425. bytes (REL,CON)

        Value  Global            Value  Global            Value  Global    
        -----  ------            -----  ------            -----  ------    
     000016E6  .memset_s |    000016EF  .memcpy_s |    0000170C  .remove_V
     0000170F  .remove_i |    0000172C  .add_VBL  |    0000172F  .add_int 
     0000173A  .wait_vbl |    0000173A  _wait_vbl |    0000174A  .display_
     0000174A  _display_ |    00001762  _remove_V |    0000176D  _add_VBL 
     00001778  _set_tile |    0000177D  _set_bkg_ |    0000177D  _set_win_
     00001785  _set_spri |    000017B5  .padup    |    000017B5  _waitpadu
     000017C5  .jpad     |    000017C5  _joypad   |    000017ED  _waitpad 
     000017EE  .wait_pad |    000017F5  .delay    |    000017F5  _delay   
     00001821  _set_bkg_ |    00001835  .set_xy_w |    0000183E  .set_xy_b
     0000184D  .set_xy_t
ASxxxx Linker V03.00 + NoICE + sdld,  page 26.
Hexadecimal  [32-Bits]

Area                       Addr        Size        Decimal Bytes (Attributes)
--------------------       ----        ----        ------- ----- ------------
_INITIALIZER           0000188F    0000000D =          13. bytes (REL,CON)

        Value  Global            Value  Global            Value  Global    
        -----  ------            -----  ------            -----  ------    
     0000188F  Fmain$__x |    00001890  Fmain$__x |    00001891  Fmain$__x
     00001892  Fmain$__x |    00001893  Fmain$__x |    00001894  Fmain$__x
     00001895  Fmain$__x |    00001896  Fmain$__x |    00001897  Fmain$__x
     00001898  Fmain$__x |    00001899  Fmain$__x |    0000189A  Fmain$__x
ASxxxx Linker V03.00 + NoICE + sdld,  page 27.
Hexadecimal  [32-Bits]

Area                       Addr        Size        Decimal Bytes (Attributes)
--------------------       ----        ----        ------- ----- ------------
_GSINIT                0000189C    0000000C =          12. bytes (REL,CON)

        Value  Global            Value  Global            Value  Global    
        -----  ------            -----  ------            -----  ------    
     0000189C  gsinit   
ASxxxx Linker V03.00 + NoICE + sdld,  page 28.
Hexadecimal  [32-Bits]

Area                       Addr        Size        Decimal Bytes (Attributes)
--------------------       ----        ----        ------- ----- ------------
_GSFINAL               000018A8    00000001 =           1. bytes (REL,CON)

        Value  Global            Value  Global            Value  Global    
        -----  ------            -----  ------            -----  ------    
ASxxxx Linker V03.00 + NoICE + sdld,  page 29.
Hexadecimal  [32-Bits]

Area                       Addr        Size        Decimal Bytes (Attributes)
--------------------       ----        ----        ------- ----- ------------
_DATA                  0000C0A0    00000012 =          18. bytes (REL,CON)

        Value  Global            Value  Global            Value  Global    
        -----  ------            -----  ------            -----  ------    
     0000C0A0  __cpu     |    0000C0A1  __is_GBA  |    0000C0A2  .mode    
     0000C0A3  .sys_time |    0000C0A3  _sys_time |    0000C0A5  .int_0x40
     0000C0B1  G$mButton |    0000C0B1  _mButtons
ASxxxx Linker V03.00 + NoICE + sdld,  page 30.
Hexadecimal  [32-Bits]

Area                       Addr        Size        Decimal Bytes (Attributes)
--------------------       ----        ----        ------- ----- ------------
_INITIALIZED           0000C0B2    0000000D =          13. bytes (REL,CON)

        Value  Global            Value  Global            Value  Global    
        -----  ------            -----  ------            -----  ------    
     0000C0B2  G$bkgSpee |    0000C0B2  _bkgSpeed |    0000C0B3  G$state$0
     0000C0B3  _state    |    0000C0B4  G$player_ |    0000C0B4  _player_x
     0000C0B5  G$player_ |    0000C0B5  _player_y |    0000C0B6  G$player_
     0000C0B6  _player_s |    0000C0B7  G$player_ |    0000C0B7  _player_f
     0000C0B8  G$player_ |    0000C0B8  _player_s |    0000C0B9  G$animati
     0000C0B9  _animatio |    0000C0BA  G$player_ |    0000C0BA  _player_m
     0000C0BB  G$move_ti |    0000C0BB  _move_tim |    0000C0BC  G$animati
     0000C0BC  _animatio |    0000C0BD  G$animati |    0000C0BD  _animatio
     0000C0BE  __map_til
ASxxxx Linker V03.00 + NoICE + sdld,  page 31.
Hexadecimal  [32-Bits]

Area                       Addr        Size        Decimal Bytes (Attributes)
--------------------       ----        ----        ------- ----- ------------
_HRAM12                00000000    00000003 =           3. bytes (ABS,CON)

        Value  Global            Value  Global            Value  Global    
        -----  ------            -----  ------            -----  ------    
     0000FF90  __current |    0000FF92  __shadow_
ASxxxx Linker V03.00 + NoICE + sdld,  page 32.

Files Linked                              [ module(s) ]

../gbdk/lib/gb/crt0.o                     [ Runtime ]
/var/folders/2k/84qjc9sj2s721k2npw1t39400000gn/T/lcc645960.o
                                          [ playerSprites ]
build/game.gb                             [  ]
/var/folders/2k/84qjc9sj2s721k2npw1t39400000gn/T/lcc645961.o
                                          [ main ]


Libraries Linked                          [ object file ]

../gbdk/lib/gb/gb.lib                     [ sfr.o ]
../gbdk/lib/gb/gb.lib                     [ set_data.o ]
../gbdk/lib/gb/gb.lib                     [ pad.o ]
../gbdk/lib/gb/gb.lib                     [ delay.o ]
../gbdk/lib/gb/gb.lib                     [ set_bk_t.o ]
../gbdk/lib/gb/gb.lib                     [ set_xy_t.o ]

ASxxxx Linker V03.00 + NoICE + sdld,  page 33.

User Base Address Definitions

_DATA=0xC0A0
_CODE=0x0200
ASxxxx Linker V03.00 + NoICE + sdld,  page 34.

User Global Definitions

_shadow_OAM=0xC000
.STACK=0xE000
.refresh_OAM=0xFF80

