ASxxxx Linker V03.00 + NoICE + sdld,  page 1.
Hexadecimal  [32-Bits]

Area                       Addr        Size        Decimal Bytes (Attributes)
--------------------       ----        ----        ------- ----- ------------
.  .ABS.               00000000    00000000 =           0. bytes (ABS,CON)

        Value  Global            Value  Global            Value  Global    
        -----  ------            -----  ------            -----  ------    
     00000000  .__.ABS.  |    00000000  _rRAMG    |    00000000  l__BASE  
     00000000  l__BSS    |    00000000  l__CABS   |    00000000  l__CODE_0
     00000000  l__DABS   |    00000000  l__FONT_H |    00000000  l__HEADER
     00000000  l__HEADER |    00000000  l__HEAP   |    00000000  l__HEAP_E
     00000000  l__HRAM   |    00000000  l__LIT    |    00000000  s__CABS  
     00000000  s__DABS   |    00000000  s__FONT_H |    00000000  s__FONT_H
     00000000  s__HEADER |    00000000  s__HEADER |    00000000  s__HEADER
     00000000  s__HEADER |    00000000  s__HEADER |    00000000  s__HEADER
     00000000  s__HEADER |    00000000  s__HEADER |    00000000  s__HEADER
     00000000  s__HEADER |    00000000  s__HEADER |    00000000  s__HEADER
     00000000  s__HEADER |    00000000  s__HEADER |    00000000  s__HEADER
     00000000  s__HEADER |    00000000  s__HEADER |    00000000  s__HEADER
     00000000  s__HEADER |    00000000  s__HEADER |    00000000  s__HEADER
     00000000  s__HRAM   |    00000000  s__HRAM12 |    00000001  l__GSFINA
     00000001  l__HEADER |    00000001  l__HEADER |    00000001  l__HEADER
     00000001  l__HEADER |    00000001  l__HEADER |    00000001  l__HEADER
     00000001  l__HEADER |    00000002  l__HEADER |    00000002  l__HEADER
     00000002  l__HEADER |    00000003  l__FONT_H |    00000003  l__HEADER
     00000003  l__HEADER |    00000003  l__HRAM12 |    00000005  l__HEADER
     00000006  l__HEADER |    00000006  l__INITIA |    00000006  l__INITIA
     00000007  l__HEADER |    00000008  l__HEADER |    0000000C  l__GSINIT
     0000002F  l__DATA   |    00000030  l__HEADER |    0000004C  l__HEADER
     00000084  l__HEADER |    00000200  s__CODE   |    00000937  l__HOME  
     00002000  _rROMB0   |    00002D7B  l__CODE   |    00002F7B  s__HOME  
     00003000  _rROMB1   |    000038B2  s__BASE   |    000038B2  s__CODE_0
     000038B2  s__INITIA |    000038B2  s__LIT    |    000038B8  s__GSINIT
     000038C4  s__GSFINA |    00004000  _rRAMB    |    00008000  __VRAM   
     00008000  __VRAM800 |    00008800  __VRAM880 |    00009000  __VRAM900
     00009800  __SCRN0   |    00009C00  __SCRN1   |    0000A000  __SRAM   
     0000C000  __RAM     |    0000C000  _shadow_O |    0000C0A0  s__DATA  
     0000C0CF  s__BSS    |    0000C0CF  s__INITIA |    0000C0D5  s__HEAP  
     0000C0D5  s__HEAP_E |    0000D000  __RAMBANK |    0000E000  .STACK   
     0000FE00  __OAMRAM  |    0000FF00  _P1_REG   |    0000FF00  __IO     
     0000FF01  _SB_REG   |    0000FF02  _SC_REG   |    0000FF04  _DIV_REG 
     0000FF05  _TIMA_REG |    0000FF06  _TMA_REG  |    0000FF07  _TAC_REG 
     0000FF0F  _IF_REG   |    0000FF10  _NR10_REG |    0000FF11  _NR11_REG
     0000FF12  _NR12_REG |    0000FF13  _NR13_REG |    0000FF14  _NR14_REG
     0000FF16  _NR21_REG |    0000FF17  _NR22_REG |    0000FF18  _NR23_REG
     0000FF19  _NR24_REG |    0000FF1A  _NR30_REG |    0000FF1B  _NR31_REG
     0000FF1C  _NR32_REG |    0000FF1D  _NR33_REG |    0000FF1E  _NR34_REG
     0000FF20  _NR41_REG |    0000FF21  _NR42_REG |    0000FF22  _NR43_REG
     0000FF23  _NR44_REG |    0000FF24  _NR50_REG |    0000FF25  _NR51_REG
     0000FF26  _NR52_REG |    0000FF30  _AUD3WAVE |    0000FF30  _PCM_SAMP
     0000FF30  __AUD3WAV |    0000FF40  _LCDC_REG |    0000FF41  _STAT_REG
     0000FF42  _SCY_REG  |    0000FF43  _SCX_REG  |    0000FF44  _LY_REG  
     0000FF45  _LYC_REG  |    0000FF46  _DMA_REG  |    0000FF47  _BGP_REG 
     0000FF48  _OBP0_REG |    0000FF49  _OBP1_REG |    0000FF4A  _WY_REG  
     0000FF4B  _WX_REG   |    0000FF4D  _KEY1_REG |    0000FF4F  _VBK_REG 
     0000FF51  _HDMA1_RE |    0000FF52  _HDMA2_RE |    0000FF53  _HDMA3_RE
     0000FF54  _HDMA4_RE |    0000FF55  _HDMA5_RE |    0000FF56  _RP_REG  
ASxxxx Linker V03.00 + NoICE + sdld,  page 2.
Hexadecimal  [32-Bits]

Area                       Addr        Size        Decimal Bytes (Attributes)
--------------------       ----        ----        ------- ----- ------------
.  .ABS.               00000000    00000000 =           0. bytes (ABS,CON)

        Value  Global            Value  Global            Value  Global    
        -----  ------            -----  ------            -----  ------    
     0000FF68  _BCPS_REG |    0000FF69  _BCPD_REG |    0000FF6A  _OCPS_REG
     0000FF6B  _OCPD_REG |    0000FF70  _SVBK_REG |    0000FF76  _PCM12_RE
     0000FF77  _PCM34_RE |    0000FF80  .refresh_ |    0000FF80  __HRAM   
     0000FFFF  _IE_REG  
ASxxxx Linker V03.00 + NoICE + sdld,  page 3.
Hexadecimal  [32-Bits]

Area                       Addr        Size        Decimal Bytes (Attributes)
--------------------       ----        ----        ------- ----- ------------
_CODE                  00000200    00002D7B =       11643. bytes (REL,CON)

        Value  Global            Value  Global            Value  Global    
        -----  ------            -----  ------            -----  ------    
     00000200  A$lcc7456 |    00000200  C$main.c$ |    00000200  C$main.c$
     00000200  G$main$0$ |    00000200  _main     |    00000203  A$lcc7456
     00000204  A$lcc7456 |    00000207  A$lcc7456 |    00000208  A$lcc7456
     00000208  C$main.c$ |    0000020B  A$lcc7456 |    0000020C  A$lcc7456
     0000020F  A$lcc7456 |    00000210  A$lcc7456 |    00000213  A$lcc7456
     00000215  A$lcc7456 |    00000215  C$main.c$ |    00000218  A$lcc7456
     00000219  A$lcc7456 |    0000021C  A$lcc7456 |    0000021D  A$lcc7456
     0000021E  A$lcc7456 |    0000021F  A$lcc7456 |    00000220  A$lcc7456
     00000223  A$lcc7456 |    00000225  A$lcc7456 |    00000225  C$main.c$
     00000227  A$lcc7456 |    00000229  A$lcc7456 |    0000022B  A$lcc7456
     0000022B  C$main.c$ |    0000022E  A$lcc7456 |    0000022F  A$lcc7456
     00000230  A$lcc7456 |    00000231  A$lcc7456 |    00000232  A$lcc7456
     00000235  A$lcc7456 |    00000237  A$lcc7456 |    0000023A  A$lcc7456
     0000023C  A$lcc7456 |    0000023F  A$lcc7456 |    00000241  A$lcc7456
     00000242  A$lcc7456 |    00000244  A$lcc7456 |    00000244  C$main.c$
     00000245  A$lcc7456 |    00000248  A$lcc7456 |    00000249  A$lcc7456
     0000024C  A$lcc7456 |    0000024E  A$lcc7456 |    00000251  A$lcc7456
     00000253  A$lcc7456 |    00000256  A$lcc7456 |    00000258  A$lcc7456
     00000259  A$lcc7456 |    0000025B  A$lcc7456 |    0000025B  C$main.c$
     0000025C  A$lcc7456 |    0000025F  A$lcc7456 |    00000260  A$lcc7456
     00000263  A$lcc7456 |    00000265  A$lcc7456 |    00000268  A$lcc7456
     0000026A  A$lcc7456 |    0000026D  A$lcc7456 |    0000026F  A$lcc7456
     00000270  A$lcc7456 |    00000272  A$lcc7456 |    00000272  C$main.c$
     00000273  A$lcc7456 |    00000276  A$lcc7456 |    00000277  A$lcc7456
     0000027A  A$lcc7456 |    0000027C  A$lcc7456 |    0000027F  A$lcc7456
     00000281  A$lcc7456 |    00000284  A$lcc7456 |    00000286  A$lcc7456
     00000287  A$lcc7456 |    00000289  A$lcc7456 |    00000289  C$main.c$
     0000028B  A$lcc7456 |    0000028D  A$lcc7456 |    0000028F  A$lcc7456
     0000028F  C$main.c$ |    00000291  A$lcc7456 |    00000293  A$lcc7456
     00000295  A$lcc7456 |    00000295  C$main.c$ |    00000295  C$main.c$
     00000298  A$lcc7456 |    00000298  C$main.c$ |    0000029B  A$lcc7456
     0000029C  A$lcc7456 |    0000029D  A$lcc7456 |    0000029F  A$lcc7456
     000002A0  A$lcc7456 |    000002A2  A$lcc7456 |    000002A4  A$lcc7456
     000002A6  A$lcc7456 |    000002A8  A$lcc7456 |    000002AA  A$lcc7456
     000002AD  A$lcc7456 |    000002AF  A$lcc7456 |    000002B1  A$lcc7456
     000002B3  A$lcc7456 |    000002B6  A$lcc7456 |    000002B7  A$lcc7456
     000002BA  A$lcc7456 |    000002BA  C$main.c$ |    000002BD  A$lcc7456
     000002BE  A$lcc7456 |    000002BF  A$lcc7456 |    000002C0  A$lcc7456
     000002C1  A$lcc7456 |    000002C2  A$lcc7456 |    000002C5  A$lcc7456
     000002C6  A$lcc7456 |    000002C7  A$lcc7456 |    000002C8  A$lcc7456
     000002C9  A$lcc7456 |    000002CA  A$lcc7456 |    000002CD  A$lcc7456
     000002CE  A$lcc7456 |    000002CF  A$lcc7456 |    000002D0  A$lcc7456
     000002D1  A$lcc7456 |    000002D2  A$lcc7456 |    000002D5  A$lcc7456
     000002D6  A$lcc7456 |    000002D7  A$lcc7456 |    000002D8  A$lcc7456
     000002D9  A$lcc7456 |    000002DA  A$lcc7456 |    000002DC  A$lcc7456
     000002DD  A$lcc7456 |    000002DF  A$lcc7456 |    000002DF  C$main.c$
     000002E1  A$lcc7456 |    000002E1  C$main.c$ |    000002E4  A$lcc7456
     000002E5  A$lcc7456 |    000002E6  A$lcc7456 |    000002E7  A$lcc7456
     000002E8  A$lcc7456 |    000002E9  A$lcc7456 |    000002EC  A$lcc7456
     000002ED  A$lcc7456 |    000002EE  A$lcc7456 |    000002EF  A$lcc7456
ASxxxx Linker V03.00 + NoICE + sdld,  page 4.
Hexadecimal  [32-Bits]

Area                       Addr        Size        Decimal Bytes (Attributes)
--------------------       ----        ----        ------- ----- ------------
_CODE                  00000200    00002D7B =       11643. bytes (REL,CON)

        Value  Global            Value  Global            Value  Global    
        -----  ------            -----  ------            -----  ------    
     000002F0  A$lcc7456 |    000002F1  A$lcc7456 |    000002F4  A$lcc7456
     000002F5  A$lcc7456 |    000002F6  A$lcc7456 |    000002F7  A$lcc7456
     000002F8  A$lcc7456 |    000002F9  A$lcc7456 |    000002FC  A$lcc7456
     000002FD  A$lcc7456 |    000002FE  A$lcc7456 |    000002FF  A$lcc7456
     00000300  A$lcc7456 |    00000301  A$lcc7456 |    00000303  A$lcc7456
     00000304  A$lcc7456 |    00000306  A$lcc7456 |    00000306  C$main.c$
     00000308  A$lcc7456 |    00000308  C$main.c$ |    0000030B  A$lcc7456
     0000030C  A$lcc7456 |    0000030D  A$lcc7456 |    0000030E  A$lcc7456
     0000030F  A$lcc7456 |    00000310  A$lcc7456 |    00000313  A$lcc7456
     00000314  A$lcc7456 |    00000315  A$lcc7456 |    00000316  A$lcc7456
     00000317  A$lcc7456 |    00000318  A$lcc7456 |    0000031B  A$lcc7456
     0000031C  A$lcc7456 |    0000031D  A$lcc7456 |    0000031E  A$lcc7456
     0000031F  A$lcc7456 |    00000320  A$lcc7456 |    00000323  A$lcc7456
     00000324  A$lcc7456 |    00000325  A$lcc7456 |    00000326  A$lcc7456
     00000327  A$lcc7456 |    00000328  A$lcc7456 |    0000032A  A$lcc7456
     0000032B  A$lcc7456 |    0000032D  A$lcc7456 |    0000032D  C$main.c$
     0000032F  A$lcc7456 |    0000032F  C$main.c$ |    00000332  A$lcc7456
     00000333  A$lcc7456 |    00000334  A$lcc7456 |    00000335  A$lcc7456
     00000336  A$lcc7456 |    00000337  A$lcc7456 |    0000033A  A$lcc7456
     0000033B  A$lcc7456 |    0000033C  A$lcc7456 |    0000033D  A$lcc7456
     0000033E  A$lcc7456 |    0000033F  A$lcc7456 |    00000342  A$lcc7456
     00000343  A$lcc7456 |    00000344  A$lcc7456 |    00000345  A$lcc7456
     00000346  A$lcc7456 |    00000347  A$lcc7456 |    0000034A  A$lcc7456
     0000034B  A$lcc7456 |    0000034C  A$lcc7456 |    0000034D  A$lcc7456
     0000034E  A$lcc7456 |    0000034F  A$lcc7456 |    00000351  A$lcc7456
     00000352  A$lcc7456 |    00000354  A$lcc7456 |    00000354  C$main.c$
     00000354  C$main.c$ |    00000357  A$lcc7456 |    0000035A  A$lcc7456
     0000035A  C$main.c$ |    0000035A  XG$main$0 |    0000035D  G$player$
     0000035D  _player   |    000003DD  G$homeTow |    000003DD  _homeTown
     0000049D  G$homeTow |    0000049D  _homeTown |    00002BAD  Fmain$__s
     00002BBF  _printf   |    00002C0B  ___printf |    00002F5A  _sprintf 
ASxxxx Linker V03.00 + NoICE + sdld,  page 5.
Hexadecimal  [32-Bits]

Area                       Addr        Size        Decimal Bytes (Attributes)
--------------------       ----        ----        ------- ----- ------------
_HEADER0               00000000    00000001 =           1. bytes (ABS,CON)

        Value  Global            Value  Global            Value  Global    
        -----  ------            -----  ------            -----  ------    
     00000020  .call_hl 
ASxxxx Linker V03.00 + NoICE + sdld,  page 6.
Hexadecimal  [32-Bits]

Area                       Addr        Size        Decimal Bytes (Attributes)
--------------------       ----        ----        ------- ----- ------------
_HEADER1               00000000    00000005 =           5. bytes (ABS,CON)

        Value  Global            Value  Global            Value  Global    
        -----  ------            -----  ------            -----  ------    
     00000028  .MemsetSm
ASxxxx Linker V03.00 + NoICE + sdld,  page 7.
Hexadecimal  [32-Bits]

Area                       Addr        Size        Decimal Bytes (Attributes)
--------------------       ----        ----        ------- ----- ------------
_HEADER2               00000000    00000007 =           7. bytes (ABS,CON)

        Value  Global            Value  Global            Value  Global    
        -----  ------            -----  ------            -----  ------    
     00000030  .MemcpySm
ASxxxx Linker V03.00 + NoICE + sdld,  page 8.
Hexadecimal  [32-Bits]

Area                       Addr        Size        Decimal Bytes (Attributes)
--------------------       ----        ----        ------- ----- ------------
_HEADER3               00000000    00000008 =           8. bytes (ABS,CON)

        Value  Global            Value  Global            Value  Global    
        -----  ------            -----  ------            -----  ------    
ASxxxx Linker V03.00 + NoICE + sdld,  page 9.
Hexadecimal  [32-Bits]

Area                       Addr        Size        Decimal Bytes (Attributes)
--------------------       ----        ----        ------- ----- ------------
_HEADER4               00000000    0000004C =          76. bytes (ABS,CON)

        Value  Global            Value  Global            Value  Global    
        -----  ------            -----  ------            -----  ------    
     00000080  .int      |    0000008F  _wait_int |    0000009C  __standar
     000000AC  _refresh_
ASxxxx Linker V03.00 + NoICE + sdld,  page 10.
Hexadecimal  [32-Bits]

Area                       Addr        Size        Decimal Bytes (Attributes)
--------------------       ----        ----        ------- ----- ------------
_HEADER5               00000000    00000002 =           2. bytes (ABS,CON)

        Value  Global            Value  Global            Value  Global    
        -----  ------            -----  ------            -----  ------    
ASxxxx Linker V03.00 + NoICE + sdld,  page 11.
Hexadecimal  [32-Bits]

Area                       Addr        Size        Decimal Bytes (Attributes)
--------------------       ----        ----        ------- ----- ------------
_HEADER6               00000000    00000030 =          48. bytes (ABS,CON)

        Value  Global            Value  Global            Value  Global    
        -----  ------            -----  ------            -----  ------    
ASxxxx Linker V03.00 + NoICE + sdld,  page 12.
Hexadecimal  [32-Bits]

Area                       Addr        Size        Decimal Bytes (Attributes)
--------------------       ----        ----        ------- ----- ------------
_HEADER7               00000000    00000006 =           6. bytes (ABS,CON)

        Value  Global            Value  Global            Value  Global    
        -----  ------            -----  ------            -----  ------    
ASxxxx Linker V03.00 + NoICE + sdld,  page 13.
Hexadecimal  [32-Bits]

Area                       Addr        Size        Decimal Bytes (Attributes)
--------------------       ----        ----        ------- ----- ------------
_HEADER8               00000000    00000003 =           3. bytes (ABS,CON)

        Value  Global            Value  Global            Value  Global    
        -----  ------            -----  ------            -----  ------    
ASxxxx Linker V03.00 + NoICE + sdld,  page 14.
Hexadecimal  [32-Bits]

Area                       Addr        Size        Decimal Bytes (Attributes)
--------------------       ----        ----        ------- ----- ------------
_HEADER9               00000000    00000001 =           1. bytes (ABS,CON)

        Value  Global            Value  Global            Value  Global    
        -----  ------            -----  ------            -----  ------    
ASxxxx Linker V03.00 + NoICE + sdld,  page 15.
Hexadecimal  [32-Bits]

Area                       Addr        Size        Decimal Bytes (Attributes)
--------------------       ----        ----        ------- ----- ------------
_HEADERa               00000000    00000001 =           1. bytes (ABS,CON)

        Value  Global            Value  Global            Value  Global    
        -----  ------            -----  ------            -----  ------    
ASxxxx Linker V03.00 + NoICE + sdld,  page 16.
Hexadecimal  [32-Bits]

Area                       Addr        Size        Decimal Bytes (Attributes)
--------------------       ----        ----        ------- ----- ------------
_HEADERb               00000000    00000001 =           1. bytes (ABS,CON)

        Value  Global            Value  Global            Value  Global    
        -----  ------            -----  ------            -----  ------    
ASxxxx Linker V03.00 + NoICE + sdld,  page 17.
Hexadecimal  [32-Bits]

Area                       Addr        Size        Decimal Bytes (Attributes)
--------------------       ----        ----        ------- ----- ------------
_HEADERc               00000000    00000002 =           2. bytes (ABS,CON)

        Value  Global            Value  Global            Value  Global    
        -----  ------            -----  ------            -----  ------    
ASxxxx Linker V03.00 + NoICE + sdld,  page 18.
Hexadecimal  [32-Bits]

Area                       Addr        Size        Decimal Bytes (Attributes)
--------------------       ----        ----        ------- ----- ------------
_HEADERd               00000000    00000001 =           1. bytes (ABS,CON)

        Value  Global            Value  Global            Value  Global    
        -----  ------            -----  ------            -----  ------    
ASxxxx Linker V03.00 + NoICE + sdld,  page 19.
Hexadecimal  [32-Bits]

Area                       Addr        Size        Decimal Bytes (Attributes)
--------------------       ----        ----        ------- ----- ------------
_HEADERe               00000000    00000001 =           1. bytes (ABS,CON)

        Value  Global            Value  Global            Value  Global    
        -----  ------            -----  ------            -----  ------    
ASxxxx Linker V03.00 + NoICE + sdld,  page 20.
Hexadecimal  [32-Bits]

Area                       Addr        Size        Decimal Bytes (Attributes)
--------------------       ----        ----        ------- ----- ------------
_HEADERf               00000000    00000002 =           2. bytes (ABS,CON)

        Value  Global            Value  Global            Value  Global    
        -----  ------            -----  ------            -----  ------    
ASxxxx Linker V03.00 + NoICE + sdld,  page 21.
Hexadecimal  [32-Bits]

Area                       Addr        Size        Decimal Bytes (Attributes)
--------------------       ----        ----        ------- ----- ------------
_HEADER10              00000000    00000084 =         132. bytes (ABS,CON)

        Value  Global            Value  Global            Value  Global    
        -----  ------            -----  ------            -----  ------    
     00000150  .reset    |    00000150  _reset    |    00000157  .code_sta
     000001B9  _exit     |    000001BD  _set_inte
ASxxxx Linker V03.00 + NoICE + sdld,  page 22.
Hexadecimal  [32-Bits]

Area                       Addr        Size        Decimal Bytes (Attributes)
--------------------       ----        ----        ------- ----- ------------
_HEADER11              00000000    00000001 =           1. bytes (ABS,CON)

        Value  Global            Value  Global            Value  Global    
        -----  ------            -----  ------            -----  ------    
ASxxxx Linker V03.00 + NoICE + sdld,  page 23.
Hexadecimal  [32-Bits]

Area                       Addr        Size        Decimal Bytes (Attributes)
--------------------       ----        ----        ------- ----- ------------
_HOME                  00002F7B    00000937 =        2359. bytes (REL,CON)

        Value  Global            Value  Global            Value  Global    
        -----  ------            -----  ------            -----  ------    
     00002F7B  .memset_s |    00002F84  .memcpy_s |    00002FA1  .remove_V
     00002FA4  .remove_i |    00002FC1  .add_VBL  |    00002FC4  .add_int 
     00002FCF  .wait_vbl |    00002FCF  _wait_vbl |    00002FDF  .display_
     00002FDF  _display_ |    00002FF7  _remove_V |    00003002  _add_VBL 
     0000300D  _set_tile |    00003012  _set_bkg_ |    00003012  _set_win_
     0000301A  _set_spri |    0000304A  .padup    |    0000304A  _waitpadu
     0000305A  .jpad     |    0000305A  _joypad   |    00003082  _waitpad 
     00003083  .wait_pad |    0000308A  .delay    |    0000308A  _delay   
     000030B6  _set_bkg_ |    000030CA  _font_loa |    000030D1  font_load
     00003119  font_copy |    0000314F  font_set  |    0000315C  .put_char
     00003174  .out_char |    0000317A  .del_char |    000031D0  _putchar 
     000031D9  _setchar  |    000031E2  _font_loa |    000031F0  _font_set
     000031FF  _font_ini |    0000321E  .cls      |    0000321E  _cls     
     00003240  _gotoxy   |    0000324B  _posx     |    0000325C  _posy    
     00003284  .cr_curs  |    00003299  .adv_curs |    000032F5  .tmode   
     0000331E  .tmode_ou |    00003327  _color    |    00003327  _set_1bpp
     00003336  .drawing_ |    00003341  .drawing_ |    0000337D  _add_LCD 
     00003388  .add_LCD  |    0000338E  _remove_L |    00003399  .remove_L
     0000339F  _font_ibm |    00003751  .set_xy_w |    0000375A  .set_xy_b
     00003769  .set_xy_t |    000037AB  _uitoa    |    000037BA  _itoa    
     000037C9  .itoa     |    000037DD  .utoa     |    00003851  _set_bkg_
     00003851  _set_win_ |    00003859  _set_spri |    000038B1  ___sdcc_c
ASxxxx Linker V03.00 + NoICE + sdld,  page 24.
Hexadecimal  [32-Bits]

Area                       Addr        Size        Decimal Bytes (Attributes)
--------------------       ----        ----        ------- ----- ------------
_INITIALIZER           000038B2    00000006 =           6. bytes (REL,CON)

        Value  Global            Value  Global            Value  Global    
        -----  ------            -----  ------            -----  ------    
ASxxxx Linker V03.00 + NoICE + sdld,  page 25.
Hexadecimal  [32-Bits]

Area                       Addr        Size        Decimal Bytes (Attributes)
--------------------       ----        ----        ------- ----- ------------
_GSINIT                000038B8    0000000C =          12. bytes (REL,CON)

        Value  Global            Value  Global            Value  Global    
        -----  ------            -----  ------            -----  ------    
     000038B8  gsinit   
ASxxxx Linker V03.00 + NoICE + sdld,  page 26.
Hexadecimal  [32-Bits]

Area                       Addr        Size        Decimal Bytes (Attributes)
--------------------       ----        ----        ------- ----- ------------
_GSFINAL               000038C4    00000001 =           1. bytes (REL,CON)

        Value  Global            Value  Global            Value  Global    
        -----  ------            -----  ------            -----  ------    
ASxxxx Linker V03.00 + NoICE + sdld,  page 27.
Hexadecimal  [32-Bits]

Area                       Addr        Size        Decimal Bytes (Attributes)
--------------------       ----        ----        ------- ----- ------------
_DATA                  0000C0A0    0000002F =          47. bytes (REL,CON)

        Value  Global            Value  Global            Value  Global    
        -----  ------            -----  ------            -----  ------    
     0000C0A0  __cpu     |    0000C0A1  __is_GBA  |    0000C0A2  .mode    
     0000C0A3  .sys_time |    0000C0A3  _sys_time |    0000C0A5  .int_0x40
     0000C0B1  font_curr |    0000C0B4  font_firs |    0000C0B5  font_tabl
     0000C0C7  .int_0x48
ASxxxx Linker V03.00 + NoICE + sdld,  page 28.
Hexadecimal  [32-Bits]

Area                       Addr        Size        Decimal Bytes (Attributes)
--------------------       ----        ----        ------- ----- ------------
_INITIALIZED           0000C0CF    00000006 =           6. bytes (REL,CON)

        Value  Global            Value  Global            Value  Global    
        -----  ------            -----  ------            -----  ------    
     0000C0CF  .curx     |    0000C0D0  .cury     |    0000C0D1  .fg_colou
     0000C0D1  __current |    0000C0D2  .bg_colou |    0000C0D3  .draw_mod
     0000C0D4  __map_til
ASxxxx Linker V03.00 + NoICE + sdld,  page 29.
Hexadecimal  [32-Bits]

Area                       Addr        Size        Decimal Bytes (Attributes)
--------------------       ----        ----        ------- ----- ------------
_HRAM12                00000000    00000003 =           3. bytes (ABS,CON)

        Value  Global            Value  Global            Value  Global    
        -----  ------            -----  ------            -----  ------    
     0000FF90  __current |    0000FF92  __shadow_
ASxxxx Linker V03.00 + NoICE + sdld,  page 30.
Hexadecimal  [32-Bits]

Area                       Addr        Size        Decimal Bytes (Attributes)
--------------------       ----        ----        ------- ----- ------------
_FONT_HEADER0          00000000    00000003 =           3. bytes (ABS,CON)

        Value  Global            Value  Global            Value  Global    
        -----  ------            -----  ------            -----  ------    
ASxxxx Linker V03.00 + NoICE + sdld,  page 31.
Hexadecimal  [32-Bits]

Area                       Addr        Size        Decimal Bytes (Attributes)
--------------------       ----        ----        ------- ----- ------------
_HEADER_LCD0           00000000    00000003 =           3. bytes (ABS,CON)

        Value  Global            Value  Global            Value  Global    
        -----  ------            -----  ------            -----  ------    
ASxxxx Linker V03.00 + NoICE + sdld,  page 32.

Files Linked                              [ module(s) ]

../gbdk/lib/gb/crt0.o                     [ Runtime ]
/var/folders/2k/84qjc9sj2s721k2npw1t39400000gn/T/lcc745650.o
                                          [ main ]


Libraries Linked                          [ object file ]

../gbdk/lib/gb/gb.lib                     [ sfr.o ]
../gbdk/lib/gb/gb.lib                     [ set_data.o ]
../gbdk/lib/gb/gb.lib                     [ pad.o ]
../gbdk/lib/gb/gb.lib                     [ delay.o ]
../gbdk/lib/sm83/sm83.lib                 [ printf.o ]
../gbdk/lib/gb/gb.lib                     [ set_bk_t.o ]
../gbdk/lib/gb/gb.lib                     [ font.o ]
../gbdk/lib/gb/gb.lib                     [ color.o ]
../gbdk/lib/gb/gb.lib                     [ drawing_isr.o ]
../gbdk/lib/gb/gb.lib                     [ lcd.o ]
../gbdk/lib/gb/gb.lib                     [ f_ibm_sh.o ]
../gbdk/lib/sm83/sm83.lib                 [ sprintf.o ]
../gbdk/lib/gb/gb.lib                     [ set_xy_t.o ]
../gbdk/lib/sm83/sm83.lib                 [ itoa.o ]
../gbdk/lib/gb/gb.lib                     [ set_1bit_data.o ]
../gbdk/lib/sm83/sm83.lib                 [ __sdcc_call_hl.o ]

ASxxxx Linker V03.00 + NoICE + sdld,  page 33.

User Base Address Definitions

_DATA=0xC0A0
_CODE=0x0200
ASxxxx Linker V03.00 + NoICE + sdld,  page 34.

User Global Definitions

_shadow_OAM=0xC000
.STACK=0xE000
.refresh_OAM=0xFF80

