ASxxxx Linker V03.00 + NoICE + sdld,  page 1.
Hexadecimal  [32-Bits]

Area                       Addr        Size        Decimal Bytes (Attributes)
--------------------       ----        ----        ------- ----- ------------
.  .ABS.               00000000    00000000 =           0. bytes (ABS,CON)

        Value  Global            Value  Global            Value  Global    
        -----  ------            -----  ------            -----  ------    
     00000000  .__.ABS.  |    00000000  _rRAMG    |    00000000  l__BASE  
     00000000  l__BSS    |    00000000  l__CABS   |    00000000  l__CODE_0
     00000000  l__DABS   |    00000000  l__HEADER |    00000000  l__HEAP  
     00000000  l__HEAP_E |    00000000  l__HRAM   |    00000000  l__LIT   
     00000000  s__CABS   |    00000000  s__DABS   |    00000000  s__HEADER
     00000000  s__HEADER |    00000000  s__HEADER |    00000000  s__HEADER
     00000000  s__HEADER |    00000000  s__HEADER |    00000000  s__HEADER
     00000000  s__HEADER |    00000000  s__HEADER |    00000000  s__HEADER
     00000000  s__HEADER |    00000000  s__HEADER |    00000000  s__HEADER
     00000000  s__HEADER |    00000000  s__HEADER |    00000000  s__HEADER
     00000000  s__HEADER |    00000000  s__HEADER |    00000000  s__HEADER
     00000000  s__HRAM   |    00000000  s__HRAM12 |    00000001  l__GSFINA
     00000001  l__HEADER |    00000001  l__HEADER |    00000001  l__HEADER
     00000001  l__HEADER |    00000001  l__HEADER |    00000001  l__HEADER
     00000001  l__HEADER |    00000002  l__HEADER |    00000002  l__HEADER
     00000002  l__HEADER |    00000003  l__HEADER |    00000003  l__HRAM12
     00000005  l__HEADER |    00000006  l__HEADER |    00000007  l__HEADER
     00000008  l__HEADER |    0000000C  l__GSINIT |    0000000D  l__INITIA
     0000000D  l__INITIA |    00000012  l__DATA   |    00000030  l__HEADER
     0000004C  l__HEADER |    00000084  l__HEADER |    000001A9  l__HOME  
     00000200  s__CODE   |    00000E74  l__CODE   |    00001074  s__HOME  
     0000121D  s__BASE   |    0000121D  s__CODE_0 |    0000121D  s__INITIA
     0000121D  s__LIT    |    0000122A  s__GSINIT |    00001236  s__GSFINA
     00002000  _rROMB0   |    00003000  _rROMB1   |    00004000  _rRAMB   
     00008000  __VRAM    |    00008000  __VRAM800 |    00008800  __VRAM880
     00009000  __VRAM900 |    00009800  __SCRN0   |    00009C00  __SCRN1  
     0000A000  __SRAM    |    0000C000  __RAM     |    0000C000  _shadow_O
     0000C0A0  s__DATA   |    0000C0B2  s__BSS    |    0000C0B2  s__INITIA
     0000C0BF  s__HEAP   |    0000C0BF  s__HEAP_E |    0000D000  __RAMBANK
     0000E000  .STACK    |    0000FE00  __OAMRAM  |    0000FF00  _P1_REG  
     0000FF00  __IO      |    0000FF01  _SB_REG   |    0000FF02  _SC_REG  
     0000FF04  _DIV_REG  |    0000FF05  _TIMA_REG |    0000FF06  _TMA_REG 
     0000FF07  _TAC_REG  |    0000FF0F  _IF_REG   |    0000FF10  _NR10_REG
     0000FF11  _NR11_REG |    0000FF12  _NR12_REG |    0000FF13  _NR13_REG
     0000FF14  _NR14_REG |    0000FF16  _NR21_REG |    0000FF17  _NR22_REG
     0000FF18  _NR23_REG |    0000FF19  _NR24_REG |    0000FF1A  _NR30_REG
     0000FF1B  _NR31_REG |    0000FF1C  _NR32_REG |    0000FF1D  _NR33_REG
     0000FF1E  _NR34_REG |    0000FF20  _NR41_REG |    0000FF21  _NR42_REG
     0000FF22  _NR43_REG |    0000FF23  _NR44_REG |    0000FF24  _NR50_REG
     0000FF25  _NR51_REG |    0000FF26  _NR52_REG |    0000FF30  _AUD3WAVE
     0000FF30  _PCM_SAMP |    0000FF30  __AUD3WAV |    0000FF40  _LCDC_REG
     0000FF41  _STAT_REG |    0000FF42  _SCY_REG  |    0000FF43  _SCX_REG 
     0000FF44  _LY_REG   |    0000FF45  _LYC_REG  |    0000FF46  _DMA_REG 
     0000FF47  _BGP_REG  |    0000FF48  _OBP0_REG |    0000FF49  _OBP1_REG
     0000FF4A  _WY_REG   |    0000FF4B  _WX_REG   |    0000FF4D  _KEY1_REG
     0000FF4F  _VBK_REG  |    0000FF51  _HDMA1_RE |    0000FF52  _HDMA2_RE
     0000FF53  _HDMA3_RE |    0000FF54  _HDMA4_RE |    0000FF55  _HDMA5_RE
     0000FF56  _RP_REG   |    0000FF68  _BCPS_REG |    0000FF69  _BCPD_REG
     0000FF6A  _OCPS_REG |    0000FF6B  _OCPD_REG |    0000FF70  _SVBK_REG
     0000FF76  _PCM12_RE |    0000FF77  _PCM34_RE |    0000FF80  .refresh_
ASxxxx Linker V03.00 + NoICE + sdld,  page 2.
Hexadecimal  [32-Bits]

Area                       Addr        Size        Decimal Bytes (Attributes)
--------------------       ----        ----        ------- ----- ------------
.  .ABS.               00000000    00000000 =           0. bytes (ABS,CON)

        Value  Global            Value  Global            Value  Global    
        -----  ------            -----  ------            -----  ------    
     0000FF80  __HRAM    |    0000FFFF  _IE_REG  
ASxxxx Linker V03.00 + NoICE + sdld,  page 3.
Hexadecimal  [32-Bits]

Area                       Addr        Size        Decimal Bytes (Attributes)
--------------------       ----        ----        ------- ----- ------------
_CODE                  00000200    00000E74 =        3700. bytes (REL,CON)

        Value  Global            Value  Global            Value  Global    
        -----  ------            -----  ------            -----  ------    
     00000200  A$lcc4304 |    00000200  C$main.c$ |    00000200  C$main.c$
     00000200  G$main$0$ |    00000200  _main     |    00000203  A$lcc4304
     00000204  A$lcc4304 |    00000207  A$lcc4304 |    00000208  A$lcc4304
     0000020B  A$lcc4304 |    0000020D  A$lcc4304 |    0000020D  C$main.c$
     00000210  A$lcc4304 |    00000211  A$lcc4304 |    00000214  A$lcc4304
     00000215  A$lcc4304 |    00000216  A$lcc4304 |    00000217  A$lcc4304
     00000218  A$lcc4304 |    0000021B  A$lcc4304 |    0000021D  A$lcc4304
     0000021D  C$main.c$ |    00000220  A$lcc4304 |    00000221  A$lcc4304
     00000224  A$lcc4304 |    00000225  A$lcc4304 |    00000228  A$lcc4304
     0000022A  A$lcc4304 |    0000022D  A$lcc4304 |    0000022F  A$lcc4304
     00000232  A$lcc4304 |    00000233  A$lcc4304 |    00000236  A$lcc4304
     00000237  A$lcc4304 |    0000023A  A$lcc4304 |    0000023B  A$lcc4304
     0000023C  A$lcc4304 |    0000023D  A$lcc4304 |    00000240  A$lcc4304
     00000242  A$lcc4304 |    00000245  A$lcc4304 |    00000246  A$lcc4304
     00000249  A$lcc4304 |    0000024C  A$lcc4304 |    0000024D  A$lcc4304
     0000024E  A$lcc4304 |    00000251  A$lcc4304 |    00000252  A$lcc4304
     00000253  A$lcc4304 |    00000254  A$lcc4304 |    00000254  C$main.c$
     00000256  A$lcc4304 |    00000258  A$lcc4304 |    0000025A  A$lcc4304
     0000025A  C$main.c$ |    0000025C  A$lcc4304 |    0000025E  A$lcc4304
     00000260  A$lcc4304 |    00000260  C$main.c$ |    00000262  A$lcc4304
     00000264  A$lcc4304 |    00000266  A$lcc4304 |    00000266  C$main.c$
     00000268  A$lcc4304 |    0000026A  A$lcc4304 |    0000026C  A$lcc4304
     0000026C  C$main.c$ |    0000026C  C$main.c$ |    0000026F  A$lcc4304
     00000272  A$lcc4304 |    00000273  A$lcc4304 |    00000275  A$lcc4304
     00000278  A$lcc4304 |    00000279  A$lcc4304 |    0000027B  A$lcc4304
     0000027E  A$lcc4304 |    00000280  A$lcc4304 |    00000280  C$main.c$
     00000283  A$lcc4304 |    00000284  A$lcc4304 |    00000286  A$lcc4304
     00000289  A$lcc4304 |    0000028A  A$lcc4304 |    0000028D  A$lcc4304
     00000290  A$lcc4304 |    00000292  A$lcc4304 |    00000295  A$lcc4304
     00000298  A$lcc4304 |    0000029A  A$lcc4304 |    0000029D  A$lcc4304
     000002A0  A$lcc4304 |    000002A0  C$main.c$ |    000002A3  A$lcc4304
     000002A5  A$lcc4304 |    000002A8  A$lcc4304 |    000002AA  A$lcc4304
     000002AA  C$main.c$ |    000002AD  A$lcc4304 |    000002AE  A$lcc4304
     000002B0  A$lcc4304 |    000002B1  A$lcc4304 |    000002B2  A$lcc4304
     000002B4  A$lcc4304 |    000002B6  A$lcc4304 |    000002B7  A$lcc4304
     000002B8  A$lcc4304 |    000002B9  A$lcc4304 |    000002BB  A$lcc4304
     000002BD  A$lcc4304 |    000002C0  A$lcc4304 |    000002C1  A$lcc4304
     000002C3  A$lcc4304 |    000002C4  A$lcc4304 |    000002C5  A$lcc4304
     000002C6  A$lcc4304 |    000002C7  A$lcc4304 |    000002C8  A$lcc4304
     000002C9  A$lcc4304 |    000002CB  A$lcc4304 |    000002CD  A$lcc4304
     000002CF  A$lcc4304 |    000002D1  A$lcc4304 |    000002D2  A$lcc4304
     000002D4  A$lcc4304 |    000002D6  A$lcc4304 |    000002D8  A$lcc4304
     000002D9  A$lcc4304 |    000002DB  A$lcc4304 |    000002DE  A$lcc4304
     000002E0  A$lcc4304 |    000002E3  A$lcc4304 |    000002E5  A$lcc4304
     000002E5  C$main.c$ |    000002E5  C$main.c$ |    000002E8  A$lcc4304
     000002E9  A$lcc4304 |    000002EC  A$lcc4304 |    000002EF  A$lcc4304
     000002F0  A$lcc4304 |    000002F2  A$lcc4304 |    000002F3  A$lcc4304
     000002F4  A$lcc4304 |    000002F6  A$lcc4304 |    000002F8  A$lcc4304
     000002F9  A$lcc4304 |    000002FA  A$lcc4304 |    000002FB  A$lcc4304
     000002FD  A$lcc4304 |    000002FF  A$lcc4304 |    00000302  A$lcc4304
ASxxxx Linker V03.00 + NoICE + sdld,  page 4.
Hexadecimal  [32-Bits]

Area                       Addr        Size        Decimal Bytes (Attributes)
--------------------       ----        ----        ------- ----- ------------
_CODE                  00000200    00000E74 =        3700. bytes (REL,CON)

        Value  Global            Value  Global            Value  Global    
        -----  ------            -----  ------            -----  ------    
     00000303  A$lcc4304 |    00000305  A$lcc4304 |    00000306  A$lcc4304
     00000307  A$lcc4304 |    00000308  A$lcc4304 |    00000309  A$lcc4304
     0000030A  A$lcc4304 |    0000030B  A$lcc4304 |    0000030D  A$lcc4304
     0000030F  A$lcc4304 |    00000311  A$lcc4304 |    00000313  A$lcc4304
     00000314  A$lcc4304 |    00000316  A$lcc4304 |    00000318  A$lcc4304
     0000031A  A$lcc4304 |    0000031B  A$lcc4304 |    0000031E  A$lcc4304
     00000321  A$lcc4304 |    00000323  A$lcc4304 |    00000326  A$lcc4304
     00000328  A$lcc4304 |    00000328  C$main.c$ |    0000032B  A$lcc4304
     0000032B  C$main.c$ |    0000032E  A$lcc4304 |    00000330  A$lcc4304
     00000333  A$lcc4304 |    00000335  A$lcc4304 |    00000335  C$main.c$
     00000338  A$lcc4304 |    00000339  A$lcc4304 |    0000033B  A$lcc4304
     0000033C  A$lcc4304 |    0000033D  A$lcc4304 |    0000033F  A$lcc4304
     00000341  A$lcc4304 |    00000342  A$lcc4304 |    00000343  A$lcc4304
     00000344  A$lcc4304 |    00000346  A$lcc4304 |    00000348  A$lcc4304
     0000034B  A$lcc4304 |    0000034C  A$lcc4304 |    0000034E  A$lcc4304
     0000034F  A$lcc4304 |    00000350  A$lcc4304 |    00000351  A$lcc4304
     00000352  A$lcc4304 |    00000353  A$lcc4304 |    00000354  A$lcc4304
     00000356  A$lcc4304 |    00000358  A$lcc4304 |    0000035A  A$lcc4304
     0000035C  A$lcc4304 |    0000035D  A$lcc4304 |    0000035F  A$lcc4304
     00000361  A$lcc4304 |    00000363  A$lcc4304 |    00000364  A$lcc4304
     00000366  A$lcc4304 |    00000369  A$lcc4304 |    0000036B  A$lcc4304
     0000036E  A$lcc4304 |    00000370  A$lcc4304 |    00000370  C$main.c$
     00000370  C$main.c$ |    00000373  A$lcc4304 |    00000374  A$lcc4304
     00000377  A$lcc4304 |    0000037A  A$lcc4304 |    0000037B  A$lcc4304
     0000037D  A$lcc4304 |    0000037E  A$lcc4304 |    0000037F  A$lcc4304
     00000381  A$lcc4304 |    00000383  A$lcc4304 |    00000384  A$lcc4304
     00000385  A$lcc4304 |    00000386  A$lcc4304 |    00000388  A$lcc4304
     0000038A  A$lcc4304 |    0000038D  A$lcc4304 |    0000038E  A$lcc4304
     00000390  A$lcc4304 |    00000391  A$lcc4304 |    00000392  A$lcc4304
     00000393  A$lcc4304 |    00000394  A$lcc4304 |    00000395  A$lcc4304
     00000396  A$lcc4304 |    00000398  A$lcc4304 |    0000039A  A$lcc4304
     0000039C  A$lcc4304 |    0000039E  A$lcc4304 |    0000039F  A$lcc4304
     000003A1  A$lcc4304 |    000003A3  A$lcc4304 |    000003A5  A$lcc4304
     000003A6  A$lcc4304 |    000003A9  A$lcc4304 |    000003AC  A$lcc4304
     000003AE  A$lcc4304 |    000003B1  A$lcc4304 |    000003B3  A$lcc4304
     000003B3  C$main.c$ |    000003B6  A$lcc4304 |    000003B6  C$main.c$
     000003B9  A$lcc4304 |    000003BB  A$lcc4304 |    000003BE  A$lcc4304
     000003C0  A$lcc4304 |    000003C0  C$main.c$ |    000003C3  A$lcc4304
     000003C4  A$lcc4304 |    000003C6  A$lcc4304 |    000003C7  A$lcc4304
     000003C8  A$lcc4304 |    000003CA  A$lcc4304 |    000003CC  A$lcc4304
     000003CD  A$lcc4304 |    000003CE  A$lcc4304 |    000003CF  A$lcc4304
     000003D1  A$lcc4304 |    000003D3  A$lcc4304 |    000003D6  A$lcc4304
     000003D7  A$lcc4304 |    000003D9  A$lcc4304 |    000003DA  A$lcc4304
     000003DB  A$lcc4304 |    000003DC  A$lcc4304 |    000003DD  A$lcc4304
     000003DE  A$lcc4304 |    000003DF  A$lcc4304 |    000003E1  A$lcc4304
     000003E3  A$lcc4304 |    000003E5  A$lcc4304 |    000003E7  A$lcc4304
     000003E8  A$lcc4304 |    000003EA  A$lcc4304 |    000003EC  A$lcc4304
     000003EE  A$lcc4304 |    000003EF  A$lcc4304 |    000003F1  A$lcc4304
     000003F4  A$lcc4304 |    000003F6  A$lcc4304 |    000003F9  A$lcc4304
     000003FB  A$lcc4304 |    000003FB  C$main.c$ |    000003FB  C$main.c$
     000003FE  A$lcc4304 |    000003FF  A$lcc4304 |    00000402  A$lcc4304
ASxxxx Linker V03.00 + NoICE + sdld,  page 5.
Hexadecimal  [32-Bits]

Area                       Addr        Size        Decimal Bytes (Attributes)
--------------------       ----        ----        ------- ----- ------------
_CODE                  00000200    00000E74 =        3700. bytes (REL,CON)

        Value  Global            Value  Global            Value  Global    
        -----  ------            -----  ------            -----  ------    
     00000405  A$lcc4304 |    00000406  A$lcc4304 |    00000408  A$lcc4304
     00000409  A$lcc4304 |    0000040A  A$lcc4304 |    0000040C  A$lcc4304
     0000040E  A$lcc4304 |    0000040F  A$lcc4304 |    00000410  A$lcc4304
     00000411  A$lcc4304 |    00000413  A$lcc4304 |    00000415  A$lcc4304
     00000418  A$lcc4304 |    00000419  A$lcc4304 |    0000041B  A$lcc4304
     0000041C  A$lcc4304 |    0000041D  A$lcc4304 |    0000041E  A$lcc4304
     0000041F  A$lcc4304 |    00000420  A$lcc4304 |    00000421  A$lcc4304
     00000423  A$lcc4304 |    00000425  A$lcc4304 |    00000427  A$lcc4304
     00000429  A$lcc4304 |    0000042A  A$lcc4304 |    0000042C  A$lcc4304
     0000042E  A$lcc4304 |    00000430  A$lcc4304 |    00000431  A$lcc4304
     00000434  A$lcc4304 |    00000437  A$lcc4304 |    00000439  A$lcc4304
     0000043C  A$lcc4304 |    0000043E  A$lcc4304 |    0000043E  C$main.c$
     00000441  A$lcc4304 |    00000441  C$main.c$ |    00000444  A$lcc4304
     00000446  A$lcc4304 |    00000449  A$lcc4304 |    0000044B  A$lcc4304
     0000044B  C$main.c$ |    0000044E  A$lcc4304 |    0000044F  A$lcc4304
     00000451  A$lcc4304 |    00000452  A$lcc4304 |    00000453  A$lcc4304
     00000455  A$lcc4304 |    00000457  A$lcc4304 |    00000458  A$lcc4304
     00000459  A$lcc4304 |    0000045A  A$lcc4304 |    0000045C  A$lcc4304
     0000045E  A$lcc4304 |    00000461  A$lcc4304 |    00000462  A$lcc4304
     00000464  A$lcc4304 |    00000465  A$lcc4304 |    00000466  A$lcc4304
     00000467  A$lcc4304 |    00000468  A$lcc4304 |    00000469  A$lcc4304
     0000046A  A$lcc4304 |    0000046C  A$lcc4304 |    0000046E  A$lcc4304
     00000470  A$lcc4304 |    00000472  A$lcc4304 |    00000473  A$lcc4304
     00000475  A$lcc4304 |    00000477  A$lcc4304 |    00000479  A$lcc4304
     0000047A  A$lcc4304 |    0000047C  A$lcc4304 |    0000047F  A$lcc4304
     00000481  A$lcc4304 |    00000484  A$lcc4304 |    00000486  A$lcc4304
     00000486  C$main.c$ |    00000486  C$main.c$ |    00000489  A$lcc4304
     0000048A  A$lcc4304 |    0000048C  A$lcc4304 |    0000048F  A$lcc4304
     00000490  A$lcc4304 |    00000492  A$lcc4304 |    00000493  A$lcc4304
     00000494  A$lcc4304 |    00000496  A$lcc4304 |    00000498  A$lcc4304
     00000499  A$lcc4304 |    0000049A  A$lcc4304 |    0000049B  A$lcc4304
     0000049D  A$lcc4304 |    0000049F  A$lcc4304 |    000004A2  A$lcc4304
     000004A3  A$lcc4304 |    000004A5  A$lcc4304 |    000004A6  A$lcc4304
     000004A7  A$lcc4304 |    000004A8  A$lcc4304 |    000004A9  A$lcc4304
     000004AA  A$lcc4304 |    000004AB  A$lcc4304 |    000004AD  A$lcc4304
     000004AF  A$lcc4304 |    000004B1  A$lcc4304 |    000004B3  A$lcc4304
     000004B4  A$lcc4304 |    000004B6  A$lcc4304 |    000004B8  A$lcc4304
     000004BA  A$lcc4304 |    000004BB  A$lcc4304 |    000004BD  A$lcc4304
     000004C0  A$lcc4304 |    000004C2  A$lcc4304 |    000004C5  A$lcc4304
     000004C7  A$lcc4304 |    000004C7  C$main.c$ |    000004C7  C$main.c$
     000004CA  A$lcc4304 |    000004CD  A$lcc4304 |    000004CD  C$main.c$
     000004D0  A$lcc4304 |    000004D1  A$lcc4304 |    000004D3  A$lcc4304
     000004D3  C$main.c$ |    000004D6  A$lcc4304 |    000004D8  A$lcc4304
     000004DA  A$lcc4304 |    000004DA  C$main.c$ |    000004DD  A$lcc4304
     000004DF  A$lcc4304 |    000004DF  C$main.c$ |    000004E2  A$lcc4304
     000004E4  A$lcc4304 |    000004E6  A$lcc4304 |    000004E6  C$main.c$
     000004E9  A$lcc4304 |    000004EA  A$lcc4304 |    000004EC  A$lcc4304
     000004EC  C$main.c$ |    000004EF  A$lcc4304 |    000004F1  A$lcc4304
     000004F1  C$main.c$ |    000004F4  A$lcc4304 |    000004F6  A$lcc4304
     000004F8  A$lcc4304 |    000004F8  C$main.c$ |    000004FB  A$lcc4304
     000004FD  A$lcc4304 |    000004FF  A$lcc4304 |    000004FF  C$main.c$
ASxxxx Linker V03.00 + NoICE + sdld,  page 6.
Hexadecimal  [32-Bits]

Area                       Addr        Size        Decimal Bytes (Attributes)
--------------------       ----        ----        ------- ----- ------------
_CODE                  00000200    00000E74 =        3700. bytes (REL,CON)

        Value  Global            Value  Global            Value  Global    
        -----  ------            -----  ------            -----  ------    
     00000502  A$lcc4304 |    00000504  A$lcc4304 |    00000504  C$main.c$
     00000507  A$lcc4304 |    00000509  A$lcc4304 |    0000050B  A$lcc4304
     0000050B  C$main.c$ |    0000050E  A$lcc4304 |    00000510  A$lcc4304
     00000512  A$lcc4304 |    00000512  C$main.c$ |    00000515  A$lcc4304
     00000517  A$lcc4304 |    00000517  C$main.c$ |    0000051A  A$lcc4304
     0000051C  A$lcc4304 |    0000051C  C$main.c$ |    0000051F  A$lcc4304
     00000520  A$lcc4304 |    00000522  A$lcc4304 |    00000522  C$main.c$
     00000525  A$lcc4304 |    00000526  A$lcc4304 |    00000528  A$lcc4304
     0000052A  A$lcc4304 |    0000052B  A$lcc4304 |    0000052D  A$lcc4304
     0000052D  C$main.c$ |    0000052D  C$main.c$ |    00000530  A$lcc4304
     00000531  A$lcc4304 |    00000533  A$lcc4304 |    00000535  A$lcc4304
     00000536  A$lcc4304 |    00000538  A$lcc4304 |    00000538  C$main.c$
     00000538  C$main.c$ |    0000053B  A$lcc4304 |    0000053D  A$lcc4304
     0000053F  A$lcc4304 |    00000541  A$lcc4304 |    00000542  A$lcc4304
     00000544  A$lcc4304 |    00000544  C$main.c$ |    00000544  C$main.c$
     00000547  A$lcc4304 |    00000549  A$lcc4304 |    0000054B  A$lcc4304
     0000054D  A$lcc4304 |    0000054E  A$lcc4304 |    00000550  A$lcc4304
     00000550  C$main.c$ |    00000550  C$main.c$ |    00000553  A$lcc4304
     00000554  A$lcc4304 |    00000556  A$lcc4304 |    00000558  A$lcc4304
     00000558  C$main.c$ |    00000559  A$lcc4304 |    0000055B  A$lcc4304
     0000055B  C$main.c$ |    0000055E  A$lcc4304 |    00000560  A$lcc4304
     00000560  C$main.c$ |    00000563  A$lcc4304 |    00000565  A$lcc4304
     00000565  C$main.c$ |    00000568  A$lcc4304 |    00000569  A$lcc4304
     0000056B  A$lcc4304 |    0000056E  A$lcc4304 |    0000056E  C$main.c$
     00000571  A$lcc4304 |    00000571  C$main.c$ |    00000571  XG$main$0
     00000574  G$playerS |    00000574  _playerSp |    00000BB4  G$homeTow
     00000BB4  _homeTown |    00000C74  G$homeTow |    00000C74  _homeTown
ASxxxx Linker V03.00 + NoICE + sdld,  page 7.
Hexadecimal  [32-Bits]

Area                       Addr        Size        Decimal Bytes (Attributes)
--------------------       ----        ----        ------- ----- ------------
_HEADER0               00000000    00000001 =           1. bytes (ABS,CON)

        Value  Global            Value  Global            Value  Global    
        -----  ------            -----  ------            -----  ------    
     00000020  .call_hl 
ASxxxx Linker V03.00 + NoICE + sdld,  page 8.
Hexadecimal  [32-Bits]

Area                       Addr        Size        Decimal Bytes (Attributes)
--------------------       ----        ----        ------- ----- ------------
_HEADER1               00000000    00000005 =           5. bytes (ABS,CON)

        Value  Global            Value  Global            Value  Global    
        -----  ------            -----  ------            -----  ------    
     00000028  .MemsetSm
ASxxxx Linker V03.00 + NoICE + sdld,  page 9.
Hexadecimal  [32-Bits]

Area                       Addr        Size        Decimal Bytes (Attributes)
--------------------       ----        ----        ------- ----- ------------
_HEADER2               00000000    00000007 =           7. bytes (ABS,CON)

        Value  Global            Value  Global            Value  Global    
        -----  ------            -----  ------            -----  ------    
     00000030  .MemcpySm
ASxxxx Linker V03.00 + NoICE + sdld,  page 10.
Hexadecimal  [32-Bits]

Area                       Addr        Size        Decimal Bytes (Attributes)
--------------------       ----        ----        ------- ----- ------------
_HEADER3               00000000    00000008 =           8. bytes (ABS,CON)

        Value  Global            Value  Global            Value  Global    
        -----  ------            -----  ------            -----  ------    
ASxxxx Linker V03.00 + NoICE + sdld,  page 11.
Hexadecimal  [32-Bits]

Area                       Addr        Size        Decimal Bytes (Attributes)
--------------------       ----        ----        ------- ----- ------------
_HEADER4               00000000    0000004C =          76. bytes (ABS,CON)

        Value  Global            Value  Global            Value  Global    
        -----  ------            -----  ------            -----  ------    
     00000080  .int      |    0000008F  _wait_int |    0000009C  __standar
     000000AC  _refresh_
ASxxxx Linker V03.00 + NoICE + sdld,  page 12.
Hexadecimal  [32-Bits]

Area                       Addr        Size        Decimal Bytes (Attributes)
--------------------       ----        ----        ------- ----- ------------
_HEADER5               00000000    00000002 =           2. bytes (ABS,CON)

        Value  Global            Value  Global            Value  Global    
        -----  ------            -----  ------            -----  ------    
ASxxxx Linker V03.00 + NoICE + sdld,  page 13.
Hexadecimal  [32-Bits]

Area                       Addr        Size        Decimal Bytes (Attributes)
--------------------       ----        ----        ------- ----- ------------
_HEADER6               00000000    00000030 =          48. bytes (ABS,CON)

        Value  Global            Value  Global            Value  Global    
        -----  ------            -----  ------            -----  ------    
ASxxxx Linker V03.00 + NoICE + sdld,  page 14.
Hexadecimal  [32-Bits]

Area                       Addr        Size        Decimal Bytes (Attributes)
--------------------       ----        ----        ------- ----- ------------
_HEADER7               00000000    00000006 =           6. bytes (ABS,CON)

        Value  Global            Value  Global            Value  Global    
        -----  ------            -----  ------            -----  ------    
ASxxxx Linker V03.00 + NoICE + sdld,  page 15.
Hexadecimal  [32-Bits]

Area                       Addr        Size        Decimal Bytes (Attributes)
--------------------       ----        ----        ------- ----- ------------
_HEADER8               00000000    00000003 =           3. bytes (ABS,CON)

        Value  Global            Value  Global            Value  Global    
        -----  ------            -----  ------            -----  ------    
ASxxxx Linker V03.00 + NoICE + sdld,  page 16.
Hexadecimal  [32-Bits]

Area                       Addr        Size        Decimal Bytes (Attributes)
--------------------       ----        ----        ------- ----- ------------
_HEADER9               00000000    00000001 =           1. bytes (ABS,CON)

        Value  Global            Value  Global            Value  Global    
        -----  ------            -----  ------            -----  ------    
ASxxxx Linker V03.00 + NoICE + sdld,  page 17.
Hexadecimal  [32-Bits]

Area                       Addr        Size        Decimal Bytes (Attributes)
--------------------       ----        ----        ------- ----- ------------
_HEADERa               00000000    00000001 =           1. bytes (ABS,CON)

        Value  Global            Value  Global            Value  Global    
        -----  ------            -----  ------            -----  ------    
ASxxxx Linker V03.00 + NoICE + sdld,  page 18.
Hexadecimal  [32-Bits]

Area                       Addr        Size        Decimal Bytes (Attributes)
--------------------       ----        ----        ------- ----- ------------
_HEADERb               00000000    00000001 =           1. bytes (ABS,CON)

        Value  Global            Value  Global            Value  Global    
        -----  ------            -----  ------            -----  ------    
ASxxxx Linker V03.00 + NoICE + sdld,  page 19.
Hexadecimal  [32-Bits]

Area                       Addr        Size        Decimal Bytes (Attributes)
--------------------       ----        ----        ------- ----- ------------
_HEADERc               00000000    00000002 =           2. bytes (ABS,CON)

        Value  Global            Value  Global            Value  Global    
        -----  ------            -----  ------            -----  ------    
ASxxxx Linker V03.00 + NoICE + sdld,  page 20.
Hexadecimal  [32-Bits]

Area                       Addr        Size        Decimal Bytes (Attributes)
--------------------       ----        ----        ------- ----- ------------
_HEADERd               00000000    00000001 =           1. bytes (ABS,CON)

        Value  Global            Value  Global            Value  Global    
        -----  ------            -----  ------            -----  ------    
ASxxxx Linker V03.00 + NoICE + sdld,  page 21.
Hexadecimal  [32-Bits]

Area                       Addr        Size        Decimal Bytes (Attributes)
--------------------       ----        ----        ------- ----- ------------
_HEADERe               00000000    00000001 =           1. bytes (ABS,CON)

        Value  Global            Value  Global            Value  Global    
        -----  ------            -----  ------            -----  ------    
ASxxxx Linker V03.00 + NoICE + sdld,  page 22.
Hexadecimal  [32-Bits]

Area                       Addr        Size        Decimal Bytes (Attributes)
--------------------       ----        ----        ------- ----- ------------
_HEADERf               00000000    00000002 =           2. bytes (ABS,CON)

        Value  Global            Value  Global            Value  Global    
        -----  ------            -----  ------            -----  ------    
ASxxxx Linker V03.00 + NoICE + sdld,  page 23.
Hexadecimal  [32-Bits]

Area                       Addr        Size        Decimal Bytes (Attributes)
--------------------       ----        ----        ------- ----- ------------
_HEADER10              00000000    00000084 =         132. bytes (ABS,CON)

        Value  Global            Value  Global            Value  Global    
        -----  ------            -----  ------            -----  ------    
     00000150  .reset    |    00000150  _reset    |    00000157  .code_sta
     000001B9  _exit     |    000001BD  _set_inte
ASxxxx Linker V03.00 + NoICE + sdld,  page 24.
Hexadecimal  [32-Bits]

Area                       Addr        Size        Decimal Bytes (Attributes)
--------------------       ----        ----        ------- ----- ------------
_HEADER11              00000000    00000001 =           1. bytes (ABS,CON)

        Value  Global            Value  Global            Value  Global    
        -----  ------            -----  ------            -----  ------    
ASxxxx Linker V03.00 + NoICE + sdld,  page 25.
Hexadecimal  [32-Bits]

Area                       Addr        Size        Decimal Bytes (Attributes)
--------------------       ----        ----        ------- ----- ------------
_HOME                  00001074    000001A9 =         425. bytes (REL,CON)

        Value  Global            Value  Global            Value  Global    
        -----  ------            -----  ------            -----  ------    
     00001074  .memset_s |    0000107D  .memcpy_s |    0000109A  .remove_V
     0000109D  .remove_i |    000010BA  .add_VBL  |    000010BD  .add_int 
     000010C8  .wait_vbl |    000010C8  _wait_vbl |    000010D8  .display_
     000010D8  _display_ |    000010F0  _remove_V |    000010FB  _add_VBL 
     00001106  _set_tile |    0000110B  _set_bkg_ |    0000110B  _set_win_
     00001113  _set_spri |    00001143  .padup    |    00001143  _waitpadu
     00001153  .jpad     |    00001153  _joypad   |    0000117B  _waitpad 
     0000117C  .wait_pad |    00001183  .delay    |    00001183  _delay   
     000011AF  _set_bkg_ |    000011C3  .set_xy_w |    000011CC  .set_xy_b
     000011DB  .set_xy_t
ASxxxx Linker V03.00 + NoICE + sdld,  page 26.
Hexadecimal  [32-Bits]

Area                       Addr        Size        Decimal Bytes (Attributes)
--------------------       ----        ----        ------- ----- ------------
_INITIALIZER           0000121D    0000000D =          13. bytes (REL,CON)

        Value  Global            Value  Global            Value  Global    
        -----  ------            -----  ------            -----  ------    
     0000121D  Fmain$__x |    0000121E  Fmain$__x |    0000121F  Fmain$__x
     00001220  Fmain$__x |    00001221  Fmain$__x |    00001222  Fmain$__x
     00001223  Fmain$__x |    00001224  Fmain$__x |    00001225  Fmain$__x
     00001226  Fmain$__x |    00001227  Fmain$__x |    00001228  Fmain$__x
ASxxxx Linker V03.00 + NoICE + sdld,  page 27.
Hexadecimal  [32-Bits]

Area                       Addr        Size        Decimal Bytes (Attributes)
--------------------       ----        ----        ------- ----- ------------
_GSINIT                0000122A    0000000C =          12. bytes (REL,CON)

        Value  Global            Value  Global            Value  Global    
        -----  ------            -----  ------            -----  ------    
     0000122A  gsinit   
ASxxxx Linker V03.00 + NoICE + sdld,  page 28.
Hexadecimal  [32-Bits]

Area                       Addr        Size        Decimal Bytes (Attributes)
--------------------       ----        ----        ------- ----- ------------
_GSFINAL               00001236    00000001 =           1. bytes (REL,CON)

        Value  Global            Value  Global            Value  Global    
        -----  ------            -----  ------            -----  ------    
ASxxxx Linker V03.00 + NoICE + sdld,  page 29.
Hexadecimal  [32-Bits]

Area                       Addr        Size        Decimal Bytes (Attributes)
--------------------       ----        ----        ------- ----- ------------
_DATA                  0000C0A0    00000012 =          18. bytes (REL,CON)

        Value  Global            Value  Global            Value  Global    
        -----  ------            -----  ------            -----  ------    
     0000C0A0  __cpu     |    0000C0A1  __is_GBA  |    0000C0A2  .mode    
     0000C0A3  .sys_time |    0000C0A3  _sys_time |    0000C0A5  .int_0x40
     0000C0B1  G$mButton |    0000C0B1  _mButtons
ASxxxx Linker V03.00 + NoICE + sdld,  page 30.
Hexadecimal  [32-Bits]

Area                       Addr        Size        Decimal Bytes (Attributes)
--------------------       ----        ----        ------- ----- ------------
_INITIALIZED           0000C0B2    0000000D =          13. bytes (REL,CON)

        Value  Global            Value  Global            Value  Global    
        -----  ------            -----  ------            -----  ------    
     0000C0B2  G$bkgSpee |    0000C0B2  _bkgSpeed |    0000C0B3  G$state$0
     0000C0B3  _state    |    0000C0B4  G$player_ |    0000C0B4  _player_x
     0000C0B5  G$player_ |    0000C0B5  _player_y |    0000C0B6  G$player_
     0000C0B6  _player_s |    0000C0B7  G$player_ |    0000C0B7  _player_f
     0000C0B8  G$player_ |    0000C0B8  _player_s |    0000C0B9  G$animati
     0000C0B9  _animatio |    0000C0BA  G$player_ |    0000C0BA  _player_m
     0000C0BB  G$move_ti |    0000C0BB  _move_tim |    0000C0BC  G$animati
     0000C0BC  _animatio |    0000C0BD  G$animati |    0000C0BD  _animatio
     0000C0BE  __map_til
ASxxxx Linker V03.00 + NoICE + sdld,  page 31.
Hexadecimal  [32-Bits]

Area                       Addr        Size        Decimal Bytes (Attributes)
--------------------       ----        ----        ------- ----- ------------
_HRAM12                00000000    00000003 =           3. bytes (ABS,CON)

        Value  Global            Value  Global            Value  Global    
        -----  ------            -----  ------            -----  ------    
     0000FF90  __current |    0000FF92  __shadow_
ASxxxx Linker V03.00 + NoICE + sdld,  page 32.

Files Linked                              [ module(s) ]

../gbdk/lib/gb/crt0.o                     [ Runtime ]
/var/folders/2k/84qjc9sj2s721k2npw1t39400000gn/T/lcc430430.o
                                          [ main ]


Libraries Linked                          [ object file ]

../gbdk/lib/gb/gb.lib                     [ sfr.o ]
../gbdk/lib/gb/gb.lib                     [ set_data.o ]
../gbdk/lib/gb/gb.lib                     [ pad.o ]
../gbdk/lib/gb/gb.lib                     [ delay.o ]
../gbdk/lib/gb/gb.lib                     [ set_bk_t.o ]
../gbdk/lib/gb/gb.lib                     [ set_xy_t.o ]

ASxxxx Linker V03.00 + NoICE + sdld,  page 33.

User Base Address Definitions

_DATA=0xC0A0
_CODE=0x0200
ASxxxx Linker V03.00 + NoICE + sdld,  page 34.

User Global Definitions

_shadow_OAM=0xC000
.STACK=0xE000
.refresh_OAM=0xFF80

