ASxxxx Linker V03.00 + NoICE + sdld,  page 1.
Hexadecimal  [32-Bits]

Area                       Addr        Size        Decimal Bytes (Attributes)
--------------------       ----        ----        ------- ----- ------------
_FONT_HEADER0          00000000    00000003 =           3. bytes (ABS,CON)

        Value  Global            Value  Global            Value  Global    
        -----  ------            -----  ------            -----  ------    
     00000000  l_BIT_BAN |    00000000  l_BSEG    |    00000000  l_BSEG_BY
     00000000  l_CABS    |    00000000  l_DABS    |    00000000  l_GSFINAL
     00000000  l_GSINIT  |    00000000  l_ISEG    |    00000000  l_REG_BAN
     00000000  l_REG_BAN |    00000000  l_REG_BAN |    00000000  l_REG_BAN
     00000000  l_SSEG    |    00000000  l_VECTORS |    00000000  l__BASE  
     00000000  l__BSS    |    00000000  l__CODE   |    00000000  l__CODE_0
     00000000  l__CODE_1 |    00000000  l__CODE_2 |    00000000  l__CODE_3
     00000000  l__FONT_H |    00000000  l__GSFINA |    00000000  l__GSINIT
     00000000  l__HEAP   |    00000000  l__HEAP_E |    00000000  l__LIT   
     00000000  s_BSEG    |    00000000  s_CABS    |    00000000  s_DABS   
     00000000  s_DSEG    |    00000000  s_ISEG    |    00000000  s_OSEG   
     00000000  s_REG_BAN |    00000000  s_SSEG    |    00000000  s_VECTORS
     00000000  s_VECTORS |    00000000  s__FONT_H |    00000000  s__FONT_H
     00000003  l__FONT_H |    00000004  l__INITIA |    00000004  l__INITIA
     00000006  l_VECTORS |    00000008  s_REG_BAN |    0000000D  l_DSEG   
     0000000D  l_OSEG    |    00000010  s_REG_BAN |    00000016  l__DATA  
     00000018  s_BIT_BAN |    00000018  s_REG_BAN |    00000020  s_BSEG_BY
     00000020  s__CODE   |    00000030  s_ZP      |    00000040  l_DATA   
     00000040  l_XINIT   |    00000043  l_BSS     |    0000004B  l_RODATA 
     00000059  l_ZP      |    00000100  l_IRAM    |    00000300  s_DATA   
     00000340  s__DATA   |    00000356  s_BSS     |    00000356  s__BSS   
     00000399  s__INITIA |    0000039D  s__HEAP   |    0000039D  s__HEAP_E
     0000079E  l_CODEFIX |    000007F3  l__HOME   |    00000AE0  l_CODE   
     00008000  s_CODE    |    00008AE0  s__HOME   |    000092D3  s_RODATA 
     000092D3  s__BASE   |    0000931E  s__CODE_0 |    0000931E  s__CODE_1
     0000931E  s__CODE_2 |    0000931E  s__CODE_3 |    0000931E  s__INITIA
     0000931E  s__LIT    |    00009322  s_XINIT   |    00009362  s__GSFINA
     00009362  s__GSINIT |    0000E000  s_CODEFIX |    0000E79E  s_GSFINAL
     0000E79E  s_GSINIT 
ASxxxx Linker V03.00 + NoICE + sdld,  page 2.
Hexadecimal  [32-Bits]

Area                       Addr        Size        Decimal Bytes (Attributes)
--------------------       ----        ----        ------- ----- ------------
VECTORS0               00000000    00000006 =           6. bytes (ABS,CON)

        Value  Global            Value  Global            Value  Global    
        -----  ------            -----  ------            -----  ------    
ASxxxx Linker V03.00 + NoICE + sdld,  page 3.
Hexadecimal  [32-Bits]

Area                       Addr        Size        Decimal Bytes (Attributes)
--------------------       ----        ----        ------- ----- ------------
.  .ABS.               00000000    00000000 =           0. bytes (ABS,CON)

        Value  Global            Value  Global            Value  Global    
        -----  ------            -----  ------            -----  ------    
     00000000  .__.ABS.  |    00000000  b_wait_fr |    00000100  _vram_tra
     00000188  _attribut |    00000200  _shadow_O
ASxxxx Linker V03.00 + NoICE + sdld,  page 4.
Hexadecimal  [32-Bits]

Area                       Addr        Size        Decimal Bytes (Attributes)
--------------------       ----        ----        ------- ----- ------------
DSEG                   00000000    0000000D =          13. bytes (REL,CON)

        Value  Global            Value  Global            Value  Global    
        -----  ------            -----  ------            -----  ------    
ASxxxx Linker V03.00 + NoICE + sdld,  page 5.
Hexadecimal  [32-Bits]

Area                       Addr        Size        Decimal Bytes (Attributes)
--------------------       ----        ----        ------- ----- ------------
OSEG                   00000000    0000000D =          13. bytes (REL,OVR)

        Value  Global            Value  Global            Value  Global    
        -----  ------            -----  ------            -----  ------    
     00000000  ___memcpy |    00000000  __divsint |    00000000  __divuint
     00000000  __modsint |    00000000  __moduint |    00000000  _joypad_i
     00000000  _set_bkg_ |    00000000  _set_bkg_ |    00000000  _set_spri
     00000000  _set_tile |    00000002  ___memcpy |    00000002  _set_tile
ASxxxx Linker V03.00 + NoICE + sdld,  page 6.
Hexadecimal  [32-Bits]

Area                       Addr        Size        Decimal Bytes (Attributes)
--------------------       ----        ----        ------- ----- ------------
ZP                     00000030    00000059 =          89. bytes (REL,CON,PAG)

        Value  Global            Value  Global            Value  Global    
        -----  ------            -----  ------            -----  ------    
     00000030  __shadow_ |    00000031  __current |    00000032  _sys_time
     00000034  _shadow_P |    00000035  _shadow_P |    00000036  __crt0_pa
     00000055  __crt0_dr |    0000005D  .mode     |    0000005E  .tmp     
     00000060  _bkg_scro |    00000061  _bkg_scro |    00000062  _attribut
     00000064  .crt0_for |    00000065  __TEMP    |    0000006D  __DPTR   
     00000071  ___SDCC_m |    00000072  ___SDCC_m |    00000073  ___SDCC_m
     00000074  ___SDCC_m |    00000075  ___SDCC_m |    00000076  ___SDCC_m
     00000077  ___SDCC_m |    00000078  ___SDCC_m
ASxxxx Linker V03.00 + NoICE + sdld,  page 7.
Hexadecimal  [32-Bits]

Area                       Addr        Size        Decimal Bytes (Attributes)
--------------------       ----        ----        ------- ----- ------------
CODE                   00008000    00000AE0 =        2784. bytes (REL,CON)

        Value  Global            Value  Global            Value  Global    
        -----  ------            -----  ------            -----  ------    
     00008000  _init_pad |    00008073  _main     |    00008388  ___memcpy
     000083BA  _printf   |    00008421  ___printf |    000088B4  _sprintf 
     00008915  ___uitoa  |    00008A0F  _uitoa    |    00008A2B  _itoa    
     00008AA4  __sdcc_in |    00008AA7  __moduint |    00008AAF  __divuint
     00008AB7  ___udivmo
ASxxxx Linker V03.00 + NoICE + sdld,  page 8.
Hexadecimal  [32-Bits]

Area                       Addr        Size        Decimal Bytes (Attributes)
--------------------       ----        ----        ------- ----- ------------
_HOME                  00008AE0    000007F3 =        2035. bytes (REL,CON)

        Value  Global            Value  Global            Value  Global    
        -----  ------            -----  ------            -----  ------    
     00008AE0  _font_loa |    00008AE8  font_load |    00008B4F  font_copy
     00008BA2  font_set  |    00008BBB  .put_char |    00008BCF  .out_char
     00008BD5  .del_char |    00008C21  _putchar  |    00008C24  _setchar 
     00008C27  _font_loa |    00008C2A  _font_set |    00008C2E  _font_ini
     00008C4C  .cls      |    00008C4C  _cls      |    00008C55  _gotoxy  
     00008C5C  _posx     |    00008C69  _posy     |    00008C8E  .cr_curs 
     00008CA4  .adv_curs |    00008CD9  .tmode    |    00008CE3  .tmode_ou
     00008CEB  _set_tile |    00008D11  _set_bkg_ |    00008D23  _set_spri
     00008E3B  _joypad_i |    00008E52  .joypad_e |    00008E52  _joypad_e
     00008E69  _read_joy |    00008E81  .padup    |    00008E81  _waitpadu
     00008E87  .jpad     |    00008E87  _joypad   |    00008E8C  .wait_pad
     00008E8C  _waitpad  |    00008E96  _set_bkg_ |    00008F21  _font_ibm
ASxxxx Linker V03.00 + NoICE + sdld,  page 9.
Hexadecimal  [32-Bits]

Area                       Addr        Size        Decimal Bytes (Attributes)
--------------------       ----        ----        ------- ----- ------------
RODATA                 000092D3    0000004B =          75. bytes (REL,CON)

        Value  Global            Value  Global            Value  Global    
        -----  ------            -----  ------            -----  ------    
     000092D3  _HUD     
ASxxxx Linker V03.00 + NoICE + sdld,  page 10.
Hexadecimal  [32-Bits]

Area                       Addr        Size        Decimal Bytes (Attributes)
--------------------       ----        ----        ------- ----- ------------
_INITIALIZER           0000931E    00000004 =           4. bytes (REL,CON)

        Value  Global            Value  Global            Value  Global    
        -----  ------            -----  ------            -----  ------    
ASxxxx Linker V03.00 + NoICE + sdld,  page 11.
Hexadecimal  [32-Bits]

Area                       Addr        Size        Decimal Bytes (Attributes)
--------------------       ----        ----        ------- ----- ------------
XINIT                  00009322    00000040 =          64. bytes (REL,CON)

        Value  Global            Value  Global            Value  Global    
        -----  ------            -----  ------            -----  ------    
ASxxxx Linker V03.00 + NoICE + sdld,  page 12.
Hexadecimal  [32-Bits]

Area                       Addr        Size        Decimal Bytes (Attributes)
--------------------       ----        ----        ------- ----- ------------
DATA                   00000300    00000040 =          64. bytes (REL,CON)

        Value  Global            Value  Global            Value  Global    
        -----  ------            -----  ------            -----  ------    
     00000300  _sprite_d
ASxxxx Linker V03.00 + NoICE + sdld,  page 13.
Hexadecimal  [32-Bits]

Area                       Addr        Size        Decimal Bytes (Attributes)
--------------------       ----        ----        ------- ----- ------------
_DATA                  00000340    00000016 =          22. bytes (REL,CON)

        Value  Global            Value  Global            Value  Global    
        -----  ------            -----  ------            -----  ------    
     00000340  font_curr |    00000343  font_firs |    00000344  font_tabl
ASxxxx Linker V03.00 + NoICE + sdld,  page 14.
Hexadecimal  [32-Bits]

Area                       Addr        Size        Decimal Bytes (Attributes)
--------------------       ----        ----        ------- ----- ------------
BSS                    00000356    00000043 =          67. bytes (REL,CON)

        Value  Global            Value  Global            Value  Global    
        -----  ------            -----  ------            -----  ------    
     00000357  _joypads  |    0000035C  _player1  |    0000035D  _player2 
     0000035E  _player1_ |    00000360  _player2_ |    00000362  _ballX   
     00000363  _ballY    |    00000364  _spd_ball |    00000365  _spd_ball
     0000036A  ___printf |    0000036C  ___printf |    0000036E  ___printf
     00000389  ___uitoa_ |    0000038B  ___uitoa_ |    0000038F  _uitoa_PA
     00000391  _uitoa_PA |    00000392  _itoa_PAR |    00000394  _itoa_PAR
ASxxxx Linker V03.00 + NoICE + sdld,  page 15.
Hexadecimal  [32-Bits]

Area                       Addr        Size        Decimal Bytes (Attributes)
--------------------       ----        ----        ------- ----- ------------
_INITIALIZED           00000399    00000004 =           4. bytes (REL,CON)

        Value  Global            Value  Global            Value  Global    
        -----  ------            -----  ------            -----  ------    
     00000399  .curx     |    0000039A  .cury     |    0000039B  .fg_colou
     0000039B  __current |    0000039C  .bg_colou
ASxxxx Linker V03.00 + NoICE + sdld,  page 16.
Hexadecimal  [32-Bits]

Area                       Addr        Size        Decimal Bytes (Attributes)
--------------------       ----        ----        ------- ----- ------------
CODEFIXED              0000E000    0000079E =        1950. bytes (REL,CON)

        Value  Global            Value  Global            Value  Global    
        -----  ------            -----  ------            -----  ------    
     0000E000  .identity |    0000E000  _identity |    0000E541  .writeNam
     0000E541  _writeNam |    0000E695  .wait_vbl |    0000E695  _wait_vbl
     0000E6FA  .display_ |    0000E6FA  _display_ |    0000E707  .display_
     0000E707  _display_ |    0000E714  .ppu_stri |    0000E718  .ppu_stri
     0000E71C  .ppu_stri |    0000E764  .ppu_stri |    0000E78A  .ppu_stri
ASxxxx Linker V03.00 + NoICE + sdld,  page 17.

Files Linked                              [ module(s) ]

../../../lib/nes/crt0.o                   [  ]
obj/nes/pong.o                            [  ]


Libraries Linked                          [ object file ]

../../../lib/mos6502/mos6502.lib          [ _memcpy.o ]
../../../lib/nes/nes.lib                  [ font.o ]
../../../lib/nes/nes.lib                  [ set_data.o ]
../../../lib/nes/nes.lib                  [ pad_ex.o ]
../../../lib/nes/nes.lib                  [ pad.o ]
../../../lib/nes/nes.lib                  [ set_1bit_data.o ]
../../../lib/nes/nes.lib                  [ color.o ]
../../../lib/nes/nes.lib                  [ f_ibm_sh.o ]
../../../lib/mos6502/mos6502.lib          [ _ret.o ]
../../../lib/mos6502/mos6502.lib          [ printf.o ]
../../../lib/mos6502/mos6502.lib          [ sprintf.o ]
../../../lib/mos6502/mos6502.lib          [ __itoa.o ]
../../../lib/mos6502/mos6502.lib          [ __sdcc_indirect_jsr.o ]
../../../lib/mos6502/mos6502.lib          [ _moduint.o ]
../../../lib/mos6502/mos6502.lib          [ _divuint.o ]

ASxxxx Linker V03.00 + NoICE + sdld,  page 18.

User Base Address Definitions

DATA=0x300
CODE=0x8000
CODEFIXED=0xE000
VECTORS=0xFFFA
ZP=0x30

