ASxxxx Linker V03.00 + NoICE + sdld,  page 1.
Hexadecimal  [32-Bits]

Area                       Addr        Size        Decimal Bytes (Attributes)
--------------------       ----        ----        ------- ----- ------------
.  .ABS.               00000000    00000000 =           0. bytes (ABS,CON)

        Value  Global            Value  Global            Value  Global    
        -----  ------            -----  ------            -----  ------    
     00000000  .__.ABS.  |    00000000  b_bank_1  |    00000000  b_bank_2 
     00000000  b_bank_3  |    00000000  l__BASE   |    00000000  l__BSEG  
     00000000  l__BSS    |    00000000  l__CABS   |    00000000  l__CODE_0
     00000000  l__DABS   |    00000000  l__HEADER |    00000000  l__HEAP  
     00000000  l__HEAP_E |    00000000  l__LIT    |    00000000  s__CABS  
     00000000  s__DABS   |    00000000  s__HEADER |    00000000  s__HEADER
     00000000  s__HEADER |    00000000  s__HEADER |    00000000  s__HEADER
     00000000  s__HEADER |    00000000  s__HEADER |    00000000  s__HEADER
     00000001  l__GSFINA |    00000001  l__HEADER |    00000003  l__HEADER
     00000003  l__HEADER |    00000006  l__HEADER |    0000000C  l__GSINIT
     0000000E  l__HEADER |    0000000E  l__HEADER |    00000020  l__INITIA
     00000020  l__INITIA |    00000022  l__DATA   |    0000006C  l__HEADER
     00000100  s__CODE   |    000006C2  l__CODE   |    000007C2  s__HOME  
     0000089F  l__HOME   |    00001061  s__BASE   |    00001061  s__CODE_0
     00001061  s__INITIA |    00001061  s__LIT    |    00001081  s__GSINIT
     0000108D  s__GSFINA |    0000C000  _shadow_O |    0000C0C0  s__DATA  
     0000C0E2  s__INITIA |    0000C102  s__BSEG   |    0000C102  s__BSS   
     0000C102  s__HEAP   |    0000C102  s__HEAP_E |    0000DFF0  .STACK   
ASxxxx Linker V03.00 + NoICE + sdld,  page 2.
Hexadecimal  [32-Bits]

Area                       Addr        Size        Decimal Bytes (Attributes)
--------------------       ----        ----        ------- ----- ------------
_CODE                  00000100    000006C2 =        1730. bytes (REL,CON)

        Value  Global            Value  Global            Value  Global    
        -----  ------            -----  ------            -----  ------    
     00000100  _bank_2   |    00000118  _bank_1   |    00000130  _bank_3  
     00000148  _print_va |    00000172  _main     |    00000297  ___sdcc_b
     000002A0  ___sdcc_b |    000002BA  ___sdcc_b |    000002CD  _printf  
     000002E5  ___crlf   |    0000031A  ___printf |    00000662  _sprintf 
     00000690  _itoa     |    000006C1  _uitoa    |    00000772  ___uitobc
     000007A9  ___strrev |    000007AF  ___strrev |    000007C1  ___sdcc_c
ASxxxx Linker V03.00 + NoICE + sdld,  page 3.
Hexadecimal  [32-Bits]

Area                       Addr        Size        Decimal Bytes (Attributes)
--------------------       ----        ----        ------- ----- ------------
_HEADER0               00000000    00000006 =           6. bytes (ABS,CON)

        Value  Global            Value  Global            Value  Global    
        -----  ------            -----  ------            -----  ------    
ASxxxx Linker V03.00 + NoICE + sdld,  page 4.
Hexadecimal  [32-Bits]

Area                       Addr        Size        Decimal Bytes (Attributes)
--------------------       ----        ----        ------- ----- ------------
_HEADER1               00000000    0000000E =          14. bytes (ABS,CON)

        Value  Global            Value  Global            Value  Global    
        -----  ------            -----  ------            -----  ------    
     00000010  _WRITE_VD
ASxxxx Linker V03.00 + NoICE + sdld,  page 5.
Hexadecimal  [32-Bits]

Area                       Addr        Size        Decimal Bytes (Attributes)
--------------------       ----        ----        ------- ----- ------------
_HEADER2               00000000    0000000E =          14. bytes (ABS,CON)

        Value  Global            Value  Global            Value  Global    
        -----  ------            -----  ------            -----  ------    
     00000020  _WRITE_VD
ASxxxx Linker V03.00 + NoICE + sdld,  page 6.
Hexadecimal  [32-Bits]

Area                       Addr        Size        Decimal Bytes (Attributes)
--------------------       ----        ----        ------- ----- ------------
_HEADER3               00000000    00000001 =           1. bytes (ABS,CON)

        Value  Global            Value  Global            Value  Global    
        -----  ------            -----  ------            -----  ------    
     00000030  .call_hl 
ASxxxx Linker V03.00 + NoICE + sdld,  page 7.
Hexadecimal  [32-Bits]

Area                       Addr        Size        Decimal Bytes (Attributes)
--------------------       ----        ----        ------- ----- ------------
_HEADER4               00000000    00000003 =           3. bytes (ABS,CON)

        Value  Global            Value  Global            Value  Global    
        -----  ------            -----  ------            -----  ------    
ASxxxx Linker V03.00 + NoICE + sdld,  page 8.
Hexadecimal  [32-Bits]

Area                       Addr        Size        Decimal Bytes (Attributes)
--------------------       ----        ----        ------- ----- ------------
_HEADER5               00000000    00000003 =           3. bytes (ABS,CON)

        Value  Global            Value  Global            Value  Global    
        -----  ------            -----  ------            -----  ------    
ASxxxx Linker V03.00 + NoICE + sdld,  page 9.
Hexadecimal  [32-Bits]

Area                       Addr        Size        Decimal Bytes (Attributes)
--------------------       ----        ----        ------- ----- ------------
_HEADER6               00000000    0000006C =         108. bytes (ABS,CON)

        Value  Global            Value  Global            Value  Global    
        -----  ------            -----  ------            -----  ------    
     00000080  .init    
ASxxxx Linker V03.00 + NoICE + sdld,  page 10.
Hexadecimal  [32-Bits]

Area                       Addr        Size        Decimal Bytes (Attributes)
--------------------       ----        ----        ------- ----- ------------
_HOME                  000007C2    0000089F =        2207. bytes (REL,CON)

        Value  Global            Value  Global            Value  Global    
        -----  ------            -----  ------            -----  ------    
     000007D9  .memset_s |    000007E2  .memcpy_s |    000007E8  .wait_vbl
     000007E8  _wait_vbl |    000007FA  _bank_fix |    00000811  _NMI_ISR 
     00000813  _INT_ISR  |    00000886  .remove_L |    00000886  _remove_L
     00000889  .add_LCD  |    00000889  _add_LCD  |    0000088D  _add_VBL 
     0000088F  .add_VBL  |    00000892  .add_int  |    0000089E  _remove_V
     000008A0  .remove_V |    000008A3  .remove_i |    000008BF  _add_JOY 
     000008BF  _add_SIO  |    000008BF  _add_TIM  |    000008BF  _remove_J
     000008BF  _remove_S |    000008BF  _remove_T |    000008C0  .OUTI128 
     00000940  .OUTI64   |    00000980  .OUTI32   |    000009C0  .OUTI_END
     000009C1  _puts     |    000009E1  _set_defa |    000009F8  _putchar 
     000009F8  _setchar  |    00000A7F  _font_ini |    00000A8C  _font_set
     00000A90  font_set  |    00000A99  _font_col |    00000AA0  font_load
     00000AA6  _font_loa |    00000AAA  font_load |    00000B1A  .scroll_v
     00000B5D  _set_pale |    00000B87  _set_pale |    00000BC1  .CRT_DEFA
     00000BE1  _font_ibm |    00000F93  .memset_s |    00000F9A  _set_tile
     00001028  _set_nati
ASxxxx Linker V03.00 + NoICE + sdld,  page 11.
Hexadecimal  [32-Bits]

Area                       Addr        Size        Decimal Bytes (Attributes)
--------------------       ----        ----        ------- ----- ------------
_INITIALIZER           00001061    00000020 =          32. bytes (REL,CON)

        Value  Global            Value  Global            Value  Global    
        -----  ------            -----  ------            -----  ------    
ASxxxx Linker V03.00 + NoICE + sdld,  page 12.
Hexadecimal  [32-Bits]

Area                       Addr        Size        Decimal Bytes (Attributes)
--------------------       ----        ----        ------- ----- ------------
_GSINIT                00001081    0000000C =          12. bytes (REL,CON)

        Value  Global            Value  Global            Value  Global    
        -----  ------            -----  ------            -----  ------    
     00001081  .gsinit  
ASxxxx Linker V03.00 + NoICE + sdld,  page 13.
Hexadecimal  [32-Bits]

Area                       Addr        Size        Decimal Bytes (Attributes)
--------------------       ----        ----        ------- ----- ------------
_GSFINAL               0000108D    00000001 =           1. bytes (REL,CON)

        Value  Global            Value  Global            Value  Global    
        -----  ------            -----  ------            -----  ------    
ASxxxx Linker V03.00 + NoICE + sdld,  page 14.
Hexadecimal  [32-Bits]

Area                       Addr        Size        Decimal Bytes (Attributes)
--------------------       ----        ----        ------- ----- ------------
_DATA                  0000C0C0    00000022 =          34. bytes (REL,CON)

        Value  Global            Value  Global            Value  Global    
        -----  ------            -----  ------            -----  ------    
     0000C0C0  __BIOS    |    0000C0C1  __SYSTEM  |    0000C0C2  _var_0   
     0000C0C4  _var_2    |    0000C0C6  _var_1    |    0000C0C8  _var_3   
     0000C0CA  _var_inte |    0000C0CC  font_curr
ASxxxx Linker V03.00 + NoICE + sdld,  page 15.
Hexadecimal  [32-Bits]

Area                       Addr        Size        Decimal Bytes (Attributes)
--------------------       ----        ----        ------- ----- ------------
_INITIALIZED           0000C0E2    00000020 =          32. bytes (REL,CON)

        Value  Global            Value  Global            Value  Global    
        -----  ------            -----  ------            -----  ------    
     0000C0E2  _shadow_V |    0000C0E3  _shadow_V |    0000C0E4  _shadow_V
     0000C0E5  _shadow_V |    0000C0E6  _shadow_V |    0000C0E7  _shadow_V
     0000C0E8  _shadow_V |    0000C0E9  _shadow_V |    0000C0E9  _shadow_V
     0000C0EA  _shadow_V |    0000C0EA  _shadow_V |    0000C0EB  _shadow_V
     0000C0EB  _shadow_V |    0000C0EC  _shadow_V |    0000C0ED  .shadow_V
     0000C0ED  .sys_time |    0000C0ED  _sys_time |    0000C0EF  .vbl_done
     0000C0F0  .vdp_shif |    0000C0F0  _VDP_ATTR |    0000C0F1  __shadow_
     0000C0F2  __shadow_ |    0000C0F3  .mode     |    0000C0FE  .curx    
     0000C0FF  .cury     |    0000C100  .fg_colou |    0000C100  __current
     0000C101  .bg_colou
ASxxxx Linker V03.00 + NoICE + sdld,  page 16.

Files Linked                              [ module(s) ]

../../../lib/gg/crt0.o                    [ Runtime ]
obj/gg/bank.ba0.bo0.rel                   [ bank_ba0_bo0 ]
obj/gg/bank.ba0.bo2.rel                   [ bank_ba0_bo2 ]
obj/gg/bank.ba1.bo1.rel                   [ bank_ba1_bo1 ]
obj/gg/bank.ba1.bo3.rel                   [ bank_ba1_bo3 ]
obj/gg/banks.rel                          [ banks ]


Libraries Linked                          [ object file ]

../../../lib/gg/gg.lib                    [ nmi.o ]
../../../lib/gg/gg.lib                    [ sms_int.o ]
../../../lib/gg/gg.lib                    [ outi.o ]
../../../lib/z80/z80.lib                  [ puts.o ]
../../../lib/gg/gg.lib                    [ __sdcc_bcall.o ]
../../../lib/z80/z80.lib                  [ printf.o ]
../../../lib/gg/gg.lib                    [ set_palette.o ]
../../../lib/gg/gg.lib                    [ crlf.o ]
../../../lib/gg/gg.lib                    [ putchar.o ]
../../../lib/gg/gg.lib                    [ font.o ]
../../../lib/gg/gg.lib                    [ scroll.o ]
../../../lib/gg/gg.lib                    [ palette.o ]
../../../lib/gg/gg.lib                    [ color.o ]
../../../lib/gg/gg.lib                    [ f_ibm_sh.o ]
../../../lib/z80/z80.lib                  [ sprintf.o ]
../../../lib/gg/gg.lib                    [ memset_small.o ]
../../../lib/z80/z80.lib                  [ __itoa.o ]
../../../lib/gg/gg.lib                    [ sms_set_1bpp_data.o ]
../../../lib/z80/z80.lib                  [ __uitobcd.o ]
../../../lib/z80/z80.lib                  [ __strreverse.o ]
../../../lib/gg/gg.lib                    [ sms_set_native_data.o ]
../../../lib/z80/z80.lib                  [ __sdcc_call_hl.o ]

ASxxxx Linker V03.00 + NoICE + sdld,  page 17.

User Base Address Definitions

_DATA=0xC0C0
_CODE=0x0100
ASxxxx Linker V03.00 + NoICE + sdld,  page 18.

User Global Definitions

_shadow_OAM=0xC000
.STACK=0xDFF0

