ASxxxx Linker V03.00 + NoICE + sdld,  page 1.
Hexadecimal  [32-Bits]

Area                       Addr        Size        Decimal Bytes (Attributes)
--------------------       ----        ----        ------- ----- ------------
.  .ABS.               00000000    00000000 =           0. bytes (ABS,CON)

        Value  Global            Value  Global            Value  Global    
        -----  ------            -----  ------            -----  ------    
     00000000  .__.ABS.  |    00000000  ___bank_G |    00000000  l__BASE  
     00000000  l__BSEG   |    00000000  l__BSS    |    00000000  l__CABS  
     00000000  l__CODE_0 |    00000000  l__DABS   |    00000000  l__HEADER
     00000000  l__HEAP   |    00000000  l__HEAP_E |    00000000  l__LIT   
     00000000  s__CABS   |    00000000  s__DABS   |    00000000  s__HEADER
     00000000  s__HEADER |    00000000  s__HEADER |    00000000  s__HEADER
     00000000  s__HEADER |    00000000  s__HEADER |    00000000  s__HEADER
     00000000  s__HEADER |    00000001  l__GSFINA |    00000001  l__HEADER
     00000002  l__DATA   |    00000003  l__HEADER |    00000003  l__HEADER
     00000006  l__HEADER |    0000000C  l__GSINIT |    0000000E  l__HEADER
     0000000E  l__HEADER |    0000001C  l__INITIA |    0000001C  l__INITIA
     00000077  l__HEADER |    00000100  s__CODE   |    00000495  l__HOME  
     00000869  l__CODE   |    00000969  s__HOME   |    00000DFE  s__BASE  
     00000DFE  s__CODE_0 |    00000DFE  s__INITIA |    00000DFE  s__LIT   
     00000E1A  s__GSINIT |    00000E26  s__GSFINA |    0000C000  _shadow_O
     0000C0C0  s__DATA   |    0000C0C2  s__INITIA |    0000C0DE  s__BSEG  
     0000C0DE  s__BSS    |    0000C0DE  s__HEAP   |    0000C0DE  s__HEAP_E
     0000DFF0  .STACK   
ASxxxx Linker V03.00 + NoICE + sdld,  page 2.
Hexadecimal  [32-Bits]

Area                       Addr        Size        Decimal Bytes (Attributes)
--------------------       ----        ----        ------- ----- ------------
_CODE                  00000100    00000869 =        2153. bytes (REL,CON)

        Value  Global            Value  Global            Value  Global    
        -----  ------            -----  ------            -----  ------    
     00000100  _GBDK_202 |    00000100  ___func_G |    00000110  _GBDK_202
     00000630  _GBDK_202 |    00000900  _main    
ASxxxx Linker V03.00 + NoICE + sdld,  page 3.
Hexadecimal  [32-Bits]

Area                       Addr        Size        Decimal Bytes (Attributes)
--------------------       ----        ----        ------- ----- ------------
_HEADER0               00000000    00000006 =           6. bytes (ABS,CON)

        Value  Global            Value  Global            Value  Global    
        -----  ------            -----  ------            -----  ------    
ASxxxx Linker V03.00 + NoICE + sdld,  page 4.
Hexadecimal  [32-Bits]

Area                       Addr        Size        Decimal Bytes (Attributes)
--------------------       ----        ----        ------- ----- ------------
_HEADER1               00000000    0000000E =          14. bytes (ABS,CON)

        Value  Global            Value  Global            Value  Global    
        -----  ------            -----  ------            -----  ------    
     00000010  _WRITE_VD
ASxxxx Linker V03.00 + NoICE + sdld,  page 5.
Hexadecimal  [32-Bits]

Area                       Addr        Size        Decimal Bytes (Attributes)
--------------------       ----        ----        ------- ----- ------------
_HEADER2               00000000    0000000E =          14. bytes (ABS,CON)

        Value  Global            Value  Global            Value  Global    
        -----  ------            -----  ------            -----  ------    
     00000020  _WRITE_VD
ASxxxx Linker V03.00 + NoICE + sdld,  page 6.
Hexadecimal  [32-Bits]

Area                       Addr        Size        Decimal Bytes (Attributes)
--------------------       ----        ----        ------- ----- ------------
_HEADER3               00000000    00000001 =           1. bytes (ABS,CON)

        Value  Global            Value  Global            Value  Global    
        -----  ------            -----  ------            -----  ------    
     00000030  .call_hl 
ASxxxx Linker V03.00 + NoICE + sdld,  page 7.
Hexadecimal  [32-Bits]

Area                       Addr        Size        Decimal Bytes (Attributes)
--------------------       ----        ----        ------- ----- ------------
_HEADER4               00000000    00000003 =           3. bytes (ABS,CON)

        Value  Global            Value  Global            Value  Global    
        -----  ------            -----  ------            -----  ------    
ASxxxx Linker V03.00 + NoICE + sdld,  page 8.
Hexadecimal  [32-Bits]

Area                       Addr        Size        Decimal Bytes (Attributes)
--------------------       ----        ----        ------- ----- ------------
_HEADER5               00000000    00000003 =           3. bytes (ABS,CON)

        Value  Global            Value  Global            Value  Global    
        -----  ------            -----  ------            -----  ------    
ASxxxx Linker V03.00 + NoICE + sdld,  page 9.
Hexadecimal  [32-Bits]

Area                       Addr        Size        Decimal Bytes (Attributes)
--------------------       ----        ----        ------- ----- ------------
_HEADER6               00000000    00000077 =         119. bytes (ABS,CON)

        Value  Global            Value  Global            Value  Global    
        -----  ------            -----  ------            -----  ------    
     00000080  .init    
ASxxxx Linker V03.00 + NoICE + sdld,  page 10.
Hexadecimal  [32-Bits]

Area                       Addr        Size        Decimal Bytes (Attributes)
--------------------       ----        ----        ------- ----- ------------
_HOME                  00000969    00000495 =        1173. bytes (REL,CON)

        Value  Global            Value  Global            Value  Global    
        -----  ------            -----  ------            -----  ------    
     00000980  .memset_s |    00000989  .memcpy_s |    0000098F  .wait_vbl
     0000098F  _wait_vbl |    000009A1  _NMI_ISR  |    000009A3  _set_tile
     00000A01  _set_nati |    00000A3A  _INT_ISR  |    00000AAD  .remove_L
     00000AAD  _remove_L |    00000AB0  .add_LCD  |    00000AB0  _add_LCD 
     00000AB4  _add_VBL  |    00000AB6  .add_VBL  |    00000AB9  .add_int 
     00000AC5  _remove_V |    00000AC7  .remove_V |    00000ACA  .remove_i
     00000AE6  _add_JOY  |    00000AE6  _add_SIO  |    00000AE6  _add_TIM 
     00000AE6  _remove_J |    00000AE6  _remove_S |    00000AE6  _remove_T
     00000AE7  .OUTI128  |    00000B67  .OUTI64   |    00000BA7  .OUTI32  
     00000BE7  .OUTI_END |    00000BE8  .set_tile |    00000BEC  .set_tile
     00000C80  _fill_rec |    00000CDE  _set_pale |    00000D01  _set_pale
     00000D3B  .CRT_DEFA |    00000D4B  _set_defa |    00000D62  .fill_rec
     00000D66  .fill_rec
ASxxxx Linker V03.00 + NoICE + sdld,  page 11.
Hexadecimal  [32-Bits]

Area                       Addr        Size        Decimal Bytes (Attributes)
--------------------       ----        ----        ------- ----- ------------
_INITIALIZER           00000DFE    0000001C =          28. bytes (REL,CON)

        Value  Global            Value  Global            Value  Global    
        -----  ------            -----  ------            -----  ------    
ASxxxx Linker V03.00 + NoICE + sdld,  page 12.
Hexadecimal  [32-Bits]

Area                       Addr        Size        Decimal Bytes (Attributes)
--------------------       ----        ----        ------- ----- ------------
_GSINIT                00000E1A    0000000C =          12. bytes (REL,CON)

        Value  Global            Value  Global            Value  Global    
        -----  ------            -----  ------            -----  ------    
     00000E1A  .gsinit  
ASxxxx Linker V03.00 + NoICE + sdld,  page 13.
Hexadecimal  [32-Bits]

Area                       Addr        Size        Decimal Bytes (Attributes)
--------------------       ----        ----        ------- ----- ------------
_GSFINAL               00000E26    00000001 =           1. bytes (REL,CON)

        Value  Global            Value  Global            Value  Global    
        -----  ------            -----  ------            -----  ------    
ASxxxx Linker V03.00 + NoICE + sdld,  page 14.
Hexadecimal  [32-Bits]

Area                       Addr        Size        Decimal Bytes (Attributes)
--------------------       ----        ----        ------- ----- ------------
_DATA                  0000C0C0    00000002 =           2. bytes (REL,CON)

        Value  Global            Value  Global            Value  Global    
        -----  ------            -----  ------            -----  ------    
     0000C0C0  __BIOS    |    0000C0C1  __SYSTEM 
ASxxxx Linker V03.00 + NoICE + sdld,  page 15.
Hexadecimal  [32-Bits]

Area                       Addr        Size        Decimal Bytes (Attributes)
--------------------       ----        ----        ------- ----- ------------
_INITIALIZED           0000C0C2    0000001C =          28. bytes (REL,CON)

        Value  Global            Value  Global            Value  Global    
        -----  ------            -----  ------            -----  ------    
     0000C0C2  _shadow_V |    0000C0C3  _shadow_V |    0000C0C4  _shadow_V
     0000C0C5  _shadow_V |    0000C0C6  _shadow_V |    0000C0C7  _shadow_V
     0000C0C8  _shadow_V |    0000C0C9  _shadow_V |    0000C0C9  _shadow_V
     0000C0CA  _shadow_V |    0000C0CA  _shadow_V |    0000C0CB  _shadow_V
     0000C0CB  _shadow_V |    0000C0CC  _shadow_V |    0000C0CD  .shadow_V
     0000C0CD  .sys_time |    0000C0CD  _sys_time |    0000C0CF  .vbl_done
     0000C0D0  .vdp_shif |    0000C0D0  _VDP_ATTR |    0000C0D1  __shadow_
     0000C0D2  __shadow_ |    0000C0D3  .mode    
ASxxxx Linker V03.00 + NoICE + sdld,  page 16.

Files Linked                              [ module(s) ]

../../../lib/sms/crt0.o                   [ Runtime ]
obj/sms/GBDK_2020_logo.o                  [ GBDK_2020_logo ]
obj/sms/main.o                            [ main ]


Libraries Linked                          [ object file ]

../../../lib/sms/sms.lib                  [ nmi.o ]
../../../lib/sms/sms.lib                  [ set_tile_map.o ]
../../../lib/sms/sms.lib                  [ sms_set_native_data.o ]
../../../lib/sms/sms.lib                  [ sms_int.o ]
../../../lib/sms/sms.lib                  [ outi.o ]
../../../lib/sms/sms.lib                  [ set_tile_map_xy.o ]
../../../lib/sms/sms.lib                  [ sms_fill_rect_compat.o ]
../../../lib/sms/sms.lib                  [ palette.o ]
../../../lib/sms/sms.lib                  [ set_palette.o ]
../../../lib/sms/sms.lib                  [ sms_fill_rect_xy_compat.o ]

ASxxxx Linker V03.00 + NoICE + sdld,  page 17.

User Base Address Definitions

_DATA=0xC0C0
_CODE=0x0100
ASxxxx Linker V03.00 + NoICE + sdld,  page 18.

User Global Definitions

_shadow_OAM=0xC000
.STACK=0xDFF0

